Archive member included because of file (symbol)

C:\Users\User\Desktop\ProyectoDiplomado\Integrator-Project\Code\Integrator_Project\synergy\ssp\src\framework\el\tx\cm4_gcc\libtx.a(txe_queue_create.o)
                              ./src/synergy_gen/mainControlThread.o (_txe_queue_create)
C:\Users\User\Desktop\ProyectoDiplomado\Integrator-Project\Code\Integrator_Project\synergy\ssp\src\framework\el\tx\cm4_gcc\libtx.a(txe_queue_receive.o)
                              ./src/mainControlThread_entry.o (_txe_queue_receive)
C:\Users\User\Desktop\ProyectoDiplomado\Integrator-Project\Code\Integrator_Project\synergy\ssp\src\framework\el\tx\cm4_gcc\libtx.a(txe_queue_send.o)
                              ./src/analogToDigitalConverterThread_entry.o (_txe_queue_send)
C:\Users\User\Desktop\ProyectoDiplomado\Integrator-Project\Code\Integrator_Project\synergy\ssp\src\framework\el\tx\cm4_gcc\libtx.a(txe_semaphore_create.o)
                              ./src/synergy_gen/main.o (_txe_semaphore_create)
C:\Users\User\Desktop\ProyectoDiplomado\Integrator-Project\Code\Integrator_Project\synergy\ssp\src\framework\el\tx\cm4_gcc\libtx.a(txe_semaphore_get.o)
                              ./src/synergy_gen/main.o (_txe_semaphore_get)
C:\Users\User\Desktop\ProyectoDiplomado\Integrator-Project\Code\Integrator_Project\synergy\ssp\src\framework\el\tx\cm4_gcc\libtx.a(txe_semaphore_put.o)
                              ./src/synergy_gen/main.o (_txe_semaphore_put)
C:\Users\User\Desktop\ProyectoDiplomado\Integrator-Project\Code\Integrator_Project\synergy\ssp\src\framework\el\tx\cm4_gcc\libtx.a(txe_thread_create.o)
                              ./src/synergy_gen/analogToDigitalConverterThread.o (_txe_thread_create)
C:\Users\User\Desktop\ProyectoDiplomado\Integrator-Project\Code\Integrator_Project\synergy\ssp\src\framework\el\tx\cm4_gcc\libtx.a(tx_initialize_high_level.o)
                              C:\Users\User\Desktop\ProyectoDiplomado\Integrator-Project\Code\Integrator_Project\synergy\ssp\src\framework\el\tx\cm4_gcc\libtx.a(txe_semaphore_create.o) (_tx_semaphore_created_ptr)
C:\Users\User\Desktop\ProyectoDiplomado\Integrator-Project\Code\Integrator_Project\synergy\ssp\src\framework\el\tx\cm4_gcc\libtx.a(tx_initialize_kernel_enter.o)
                              ./src/synergy_gen/main.o (_tx_initialize_kernel_enter)
C:\Users\User\Desktop\ProyectoDiplomado\Integrator-Project\Code\Integrator_Project\synergy\ssp\src\framework\el\tx\cm4_gcc\libtx.a(tx_isr_end.o)
                              ./synergy/ssp/src/driver/r_gpt_input_capture/r_gpt_input_capture.o (tx_isr_end)
C:\Users\User\Desktop\ProyectoDiplomado\Integrator-Project\Code\Integrator_Project\synergy\ssp\src\framework\el\tx\cm4_gcc\libtx.a(tx_isr_start.o)
                              ./synergy/ssp/src/driver/r_gpt_input_capture/r_gpt_input_capture.o (tx_isr_start)
C:\Users\User\Desktop\ProyectoDiplomado\Integrator-Project\Code\Integrator_Project\synergy\ssp\src\framework\el\tx\cm4_gcc\libtx.a(tx_queue_create.o)
                              C:\Users\User\Desktop\ProyectoDiplomado\Integrator-Project\Code\Integrator_Project\synergy\ssp\src\framework\el\tx\cm4_gcc\libtx.a(txe_queue_create.o) (_tx_queue_create)
C:\Users\User\Desktop\ProyectoDiplomado\Integrator-Project\Code\Integrator_Project\synergy\ssp\src\framework\el\tx\cm4_gcc\libtx.a(tx_queue_receive.o)
                              C:\Users\User\Desktop\ProyectoDiplomado\Integrator-Project\Code\Integrator_Project\synergy\ssp\src\framework\el\tx\cm4_gcc\libtx.a(txe_queue_receive.o) (_tx_queue_receive)
C:\Users\User\Desktop\ProyectoDiplomado\Integrator-Project\Code\Integrator_Project\synergy\ssp\src\framework\el\tx\cm4_gcc\libtx.a(tx_queue_send.o)
                              C:\Users\User\Desktop\ProyectoDiplomado\Integrator-Project\Code\Integrator_Project\synergy\ssp\src\framework\el\tx\cm4_gcc\libtx.a(txe_queue_send.o) (_tx_queue_send)
C:\Users\User\Desktop\ProyectoDiplomado\Integrator-Project\Code\Integrator_Project\synergy\ssp\src\framework\el\tx\cm4_gcc\libtx.a(tx_semaphore_create.o)
                              C:\Users\User\Desktop\ProyectoDiplomado\Integrator-Project\Code\Integrator_Project\synergy\ssp\src\framework\el\tx\cm4_gcc\libtx.a(txe_semaphore_create.o) (_tx_semaphore_create)
C:\Users\User\Desktop\ProyectoDiplomado\Integrator-Project\Code\Integrator_Project\synergy\ssp\src\framework\el\tx\cm4_gcc\libtx.a(tx_semaphore_get.o)
                              C:\Users\User\Desktop\ProyectoDiplomado\Integrator-Project\Code\Integrator_Project\synergy\ssp\src\framework\el\tx\cm4_gcc\libtx.a(txe_semaphore_get.o) (_tx_semaphore_get)
C:\Users\User\Desktop\ProyectoDiplomado\Integrator-Project\Code\Integrator_Project\synergy\ssp\src\framework\el\tx\cm4_gcc\libtx.a(tx_semaphore_put.o)
                              C:\Users\User\Desktop\ProyectoDiplomado\Integrator-Project\Code\Integrator_Project\synergy\ssp\src\framework\el\tx\cm4_gcc\libtx.a(txe_semaphore_put.o) (_tx_semaphore_put)
[...]
Memory Configuration

Name             Origin             Length             Attributes
FLASH            0x00000000         0x00400000         xr
RAM              0x1ffe0000         0x000a0000         xrw
DATA_FLASH       0x40100000         0x00010000         xr
QSPI_FLASH       0x60000000         0x04000000         xr
SDRAM            0x90000000         0x02000000         xrw
ID_CODES         0x40120050         0x00000010         xr
*default*        0x00000000         0xffffffff

Linker script and memory map

LOAD c:/program files (x86)/gnu tools arm embedded/4.9 2015q3/bin/../lib/gcc/arm-none-eabi/4.9.3/armv7e-m/fpu/crti.o
LOAD c:/program files (x86)/gnu tools arm embedded/4.9 2015q3/bin/../lib/gcc/arm-none-eabi/4.9.3/armv7e-m/fpu/crtbegin.o
LOAD c:/program files (x86)/gnu tools arm embedded/4.9 2015q3/bin/../lib/gcc/arm-none-eabi/4.9.3/../../../../arm-none-eabi/lib/armv7e-m/fpu/rdimon-crt0.o
START GROUP
LOAD ./synergy/ssp/src/driver/r_ioport/r_ioport.o
LOAD ./synergy/ssp/src/driver/r_gpt_input_capture/r_gpt_input_capture.o
LOAD ./synergy/ssp/src/driver/r_gpt/r_gpt.o
LOAD ./synergy/ssp/src/driver/r_fmi/r_fmi.o
LOAD ./synergy/ssp/src/driver/r_elc/r_elc.o
LOAD ./synergy/ssp/src/driver/r_cgc/hw/hw_cgc.o
LOAD ./synergy/ssp/src/driver/r_cgc/r_cgc.o
LOAD ./synergy/ssp/src/driver/r_adc/r_adc.o
LOAD ./synergy/ssp/src/bsp/mcu/s7g2/bsp_cache.o
LOAD ./synergy/ssp/src/bsp/mcu/s7g2/bsp_clocks.o
LOAD ./synergy/ssp/src/bsp/mcu/s7g2/bsp_feature.o
LOAD ./synergy/ssp/src/bsp/mcu/s7g2/bsp_fmi_R7FS7G27H3A01CFC.o
LOAD ./synergy/ssp/src/bsp/mcu/s7g2/bsp_group_irq.o
LOAD ./synergy/ssp/src/bsp/mcu/s7g2/bsp_hw_locks.o
LOAD ./synergy/ssp/src/bsp/mcu/s7g2/bsp_module_stop.o
LOAD ./synergy/ssp/src/bsp/mcu/s7g2/bsp_rom_registers.o
LOAD ./synergy/ssp/src/bsp/mcu/all/bsp_common.o
LOAD ./synergy/ssp/src/bsp/mcu/all/bsp_common_leds.o
LOAD ./synergy/ssp/src/bsp/mcu/all/bsp_delay.o
LOAD ./synergy/ssp/src/bsp/mcu/all/bsp_irq.o
LOAD ./synergy/ssp/src/bsp/mcu/all/bsp_locking.o
LOAD ./synergy/ssp/src/bsp/mcu/all/bsp_register_protection.o
LOAD ./synergy/ssp/src/bsp/mcu/all/bsp_sbrk.o
LOAD ./synergy/ssp/src/bsp/cmsis/Device/RENESAS/S7G2/Source/startup_S7G2.o
LOAD ./synergy/ssp/src/bsp/cmsis/Device/RENESAS/S7G2/Source/system_S7G2.o
LOAD ./synergy/board/s7g2_sk/bsp_init.o
LOAD ./synergy/board/s7g2_sk/bsp_leds.o
LOAD ./synergy/board/s7g2_sk/bsp_qspi.o
LOAD ./src/synergy_gen/analogToDigitalConverterThread.o
LOAD ./src/synergy_gen/common_data.o
LOAD ./src/synergy_gen/hal_data.o
LOAD ./src/synergy_gen/inputCaptureThread.o
LOAD ./src/synergy_gen/main.o
LOAD ./src/synergy_gen/mainControlThread.o
LOAD ./src/synergy_gen/pin_data.o
LOAD ./src/AnalogToDigitalConverter.o
LOAD ./src/InputCapture.o
LOAD ./src/PidControl.o
LOAD ./src/PulseWidthModulation.o
LOAD ./src/analogToDigitalConverterThread_entry.o
LOAD ./src/hal_entry.o
LOAD ./src/inputCaptureThread_entry.o
LOAD ./src/mainControlThread_entry.o
LOAD C:\Users\User\Desktop\ProyectoDiplomado\Integrator-Project\Code\Integrator_Project\synergy\ssp\src\bsp\cmsis\DSP_Lib\cm4_gcc\libDSP_Lib.a
LOAD C:\Users\User\Desktop\ProyectoDiplomado\Integrator-Project\Code\Integrator_Project\synergy\ssp\src\framework\el\tx\cm4_gcc\libtx.a
END GROUP
START GROUP
LOAD c:/program files (x86)/gnu tools arm embedded/4.9 2015q3/bin/../lib/gcc/arm-none-eabi/4.9.3/armv7e-m/fpu\libgcc.a
LOAD c:/program files (x86)/gnu tools arm embedded/4.9 2015q3/bin/../lib/gcc/arm-none-eabi/4.9.3/../../../../arm-none-eabi/lib/armv7e-m/fpu\libg_nano.a
LOAD c:/program files (x86)/gnu tools arm embedded/4.9 2015q3/bin/../lib/gcc/arm-none-eabi/4.9.3/../../../../arm-none-eabi/lib/armv7e-m/fpu\libc_nano.a
END GROUP
START GROUP
LOAD c:/program files (x86)/gnu tools arm embedded/4.9 2015q3/bin/../lib/gcc/arm-none-eabi/4.9.3/armv7e-m/fpu\libgcc.a
LOAD c:/program files (x86)/gnu tools arm embedded/4.9 2015q3/bin/../lib/gcc/arm-none-eabi/4.9.3/../../../../arm-none-eabi/lib/armv7e-m/fpu\libc_nano.a
LOAD c:/program files (x86)/gnu tools arm embedded/4.9 2015q3/bin/../lib/gcc/arm-none-eabi/4.9.3/../../../../arm-none-eabi/lib/armv7e-m/fpu\librdimon_nano.a
END GROUP
START GROUP
LOAD c:/program files (x86)/gnu tools arm embedded/4.9 2015q3/bin/../lib/gcc/arm-none-eabi/4.9.3/armv7e-m/fpu\libgcc.a
LOAD c:/program files (x86)/gnu tools arm embedded/4.9 2015q3/bin/../lib/gcc/arm-none-eabi/4.9.3/../../../../arm-none-eabi/lib/armv7e-m/fpu\libc_nano.a
LOAD c:/program files (x86)/gnu tools arm embedded/4.9 2015q3/bin/../lib/gcc/arm-none-eabi/4.9.3/../../../../arm-none-eabi/lib/armv7e-m/fpu\librdimon_nano.a
END GROUP
LOAD c:/program files (x86)/gnu tools arm embedded/4.9 2015q3/bin/../lib/gcc/arm-none-eabi/4.9.3/armv7e-m/fpu/crtend.o
LOAD c:/program files (x86)/gnu tools arm embedded/4.9 2015q3/bin/../lib/gcc/arm-none-eabi/4.9.3/armv7e-m/fpu/crtn.o
START GROUP
LOAD c:/program files (x86)/gnu tools arm embedded/4.9 2015q3/bin/../lib/gcc/arm-none-eabi/4.9.3/armv7e-m/fpu\libgcc.a
LOAD c:/program files (x86)/gnu tools arm embedded/4.9 2015q3/bin/../lib/gcc/arm-none-eabi/4.9.3/../../../../arm-none-eabi/lib/armv7e-m/fpu\libc.a
LOAD c:/program files (x86)/gnu tools arm embedded/4.9 2015q3/bin/../lib/gcc/arm-none-eabi/4.9.3/../../../../arm-none-eabi/lib/armv7e-m/fpu\libm.a
LOAD c:/program files (x86)/gnu tools arm embedded/4.9 2015q3/bin/../lib/gcc/arm-none-eabi/4.9.3/../../../../arm-none-eabi/lib/armv7e-m/fpu\libnosys.a
END GROUP

.text           0x00000000     0x87b0
                0x00000000                __ROM_Start = .
 *(.vectors)
 .vectors       0x00000000       0x40 ./synergy/ssp/src/bsp/cmsis/Device/RENESAS/S7G2/Source/startup_S7G2.o
                0x00000000                __Vectors
 *(SORT(.vector.*))
 .vector.GPT_2_CAPTURE_COMPARE_A
                0x00000040        0x4 ./src/synergy_gen/inputCaptureThread.o
                0x00000040                g_vector_GPT_2_CAPTURE_COMPARE_A
 .vector.GPT_2_COUNTER_OVERFLOW
                0x00000044        0x4 ./src/synergy_gen/inputCaptureThread.o
                0x00000044                g_vector_GPT_2_COUNTER_OVERFLOW
                0x00000048                __Vectors_End = .
                0x00000048                __end__ = .
                0x00000400                . = (__ROM_Start + 0x400)
 *fill*         0x00000048      0x3b8 ff
 *(.rom_registers*)
 .rom_registers
                0x00000400       0x3c ./synergy/ssp/src/bsp/mcu/s7g2/bsp_rom_registers.o
                0x00000500                . = (__ROM_Start + 0x500)
 *fill*         0x0000043c       0xc4 ff
                0x00000500                __Vector_Info_Start = .
 *(SORT(.vector_info.*))
 .vector_info.GPT_2_CAPTURE_COMPARE_A
                0x00000500        0x8 ./src/synergy_gen/inputCaptureThread.o
                0x00000500                g_vector_info_GPT_2_CAPTURE_COMPARE_A
 .vector_info.GPT_2_COUNTER_OVERFLOW
                0x00000508        0x8 ./src/synergy_gen/inputCaptureThread.o
                0x00000508                g_vector_info_GPT_2_COUNTER_OVERFLOW
                0x00000510                __Vector_Info_End = .
                0x00000510                __Lock_Lookup_Start = .
 *(SORT(.hw_lock_lookup.*))
 .hw_lock_lookup.ADC_0U_0U
                0x00000510        0x4 ./synergy/ssp/src/bsp/mcu/s7g2/bsp_hw_locks.o
                0x00000510                g_lock_lookup_ADC_0U_0U
 .hw_lock_lookup.ADC_0U_1U
                0x00000514        0x4 ./synergy/ssp/src/bsp/mcu/s7g2/bsp_hw_locks.o
                0x00000514                g_lock_lookup_ADC_0U_1U
 .hw_lock_lookup.AGT_0U_0U
                0x00000518        0x4 ./synergy/ssp/src/bsp/mcu/s7g2/bsp_hw_locks.o
                0x00000518                g_lock_lookup_AGT_0U_0U
 .hw_lock_lookup.AGT_0U_1U
                0x0000051c        0x4 ./synergy/ssp/src/bsp/mcu/s7g2/bsp_hw_locks.o
                0x0000051c                g_lock_lookup_AGT_0U_1U
 .hw_lock_lookup.BSC_0U_1U
                0x00000520        0x4 ./synergy/ssp/src/bsp/mcu/s7g2/bsp_hw_locks.o
                0x00000520                g_lock_lookup_BSC_0U_1U
 .hw_lock_lookup.CAC_0U_0U
                0x00000524        0x4 ./synergy/ssp/src/bsp/mcu/s7g2/bsp_hw_locks.o
                0x00000524                g_lock_lookup_CAC_0U_0U
 .hw_lock_lookup.CAN_0U_0U
                0x00000528        0x4 ./synergy/ssp/src/bsp/mcu/s7g2/bsp_hw_locks.o
                0x00000528                g_lock_lookup_CAN_0U_0U
 .hw_lock_lookup.CAN_0U_1U
                0x0000052c        0x4 ./synergy/ssp/src/bsp/mcu/s7g2/bsp_hw_locks.o
                0x0000052c                g_lock_lookup_CAN_0U_1U
 .hw_lock_lookup.COMP_HS_0U_0U
                0x00000530        0x4 ./synergy/ssp/src/bsp/mcu/s7g2/bsp_hw_locks.o
                0x00000530                g_lock_lookup_COMP_HS_0U_0U
 .hw_lock_lookup.COMP_HS_0U_1U
                0x00000534        0x4 ./synergy/ssp/src/bsp/mcu/s7g2/bsp_hw_locks.o
                0x00000534                g_lock_lookup_COMP_HS_0U_1U
 .hw_lock_lookup.COMP_HS_0U_2U
                0x00000538        0x4 ./synergy/ssp/src/bsp/mcu/s7g2/bsp_hw_locks.o
                0x00000538                g_lock_lookup_COMP_HS_0U_2U
 .hw_lock_lookup.COMP_HS_0U_3U
                0x0000053c        0x4 ./synergy/ssp/src/bsp/mcu/s7g2/bsp_hw_locks.o
                0x0000053c                g_lock_lookup_COMP_HS_0U_3U
 .hw_lock_lookup.COMP_HS_0U_4U
                0x00000540        0x4 ./synergy/ssp/src/bsp/mcu/s7g2/bsp_hw_locks.o
                0x00000540                g_lock_lookup_COMP_HS_0U_4U
 .hw_lock_lookup.COMP_HS_0U_5U
                0x00000544        0x4 ./synergy/ssp/src/bsp/mcu/s7g2/bsp_hw_locks.o
                0x00000544                g_lock_lookup_COMP_HS_0U_5U
 .hw_lock_lookup.CRC_0U_0U
                0x00000548        0x4 ./synergy/ssp/src/bsp/mcu/s7g2/bsp_hw_locks.o
                0x00000548                g_lock_lookup_CRC_0U_0U
 .hw_lock_lookup.CTSU_0U_0U
                0x0000054c        0x4 ./synergy/ssp/src/bsp/mcu/s7g2/bsp_hw_locks.o
                0x0000054c                g_lock_lookup_CTSU_0U_0U
 .hw_lock_lookup.DAAD_0U_0U
                0x00000550        0x4 ./synergy/ssp/src/bsp/mcu/s7g2/bsp_hw_locks.o
                0x00000550                g_lock_lookup_DAAD_0U_0U
 .hw_lock_lookup.DAC_0U_0U
                0x00000554        0x4 ./synergy/ssp/src/bsp/mcu/s7g2/bsp_hw_locks.o
                0x00000554                g_lock_lookup_DAC_0U_0U
 .hw_lock_lookup.DAC_0U_1U
                0x00000558        0x4 ./synergy/ssp/src/bsp/mcu/s7g2/bsp_hw_locks.o
                0x00000558                g_lock_lookup_DAC_0U_1U
 .hw_lock_lookup.DMAC_0U_0U
                0x0000055c        0x4 ./synergy/ssp/src/bsp/mcu/s7g2/bsp_hw_locks.o
                0x0000055c                g_lock_lookup_DMAC_0U_0U
 .hw_lock_lookup.DMAC_0U_1U
                0x00000560        0x4 ./synergy/ssp/src/bsp/mcu/s7g2/bsp_hw_locks.o
                0x00000560                g_lock_lookup_DMAC_0U_1U
 .hw_lock_lookup.DMAC_0U_2U
                0x00000564        0x4 ./synergy/ssp/src/bsp/mcu/s7g2/bsp_hw_locks.o
                0x00000564                g_lock_lookup_DMAC_0U_2U
 .hw_lock_lookup.DMAC_0U_3U
                0x00000568        0x4 ./synergy/ssp/src/bsp/mcu/s7g2/bsp_hw_locks.o
                0x00000568                g_lock_lookup_DMAC_0U_3U
 .hw_lock_lookup.DMAC_0U_4U
                0x0000056c        0x4 ./synergy/ssp/src/bsp/mcu/s7g2/bsp_hw_locks.o
                0x0000056c                g_lock_lookup_DMAC_0U_4U
 .hw_lock_lookup.DMAC_0U_5U
                0x00000570        0x4 ./synergy/ssp/src/bsp/mcu/s7g2/bsp_hw_locks.o
                0x00000570                g_lock_lookup_DMAC_0U_5U
 .hw_lock_lookup.DMAC_0U_6U
                0x00000574        0x4 ./synergy/ssp/src/bsp/mcu/s7g2/bsp_hw_locks.o
                0x00000574                g_lock_lookup_DMAC_0U_6U
 .hw_lock_lookup.DMAC_0U_7U
                0x00000578        0x4 ./synergy/ssp/src/bsp/mcu/s7g2/bsp_hw_locks.o
                0x00000578                g_lock_lookup_DMAC_0U_7U
 .hw_lock_lookup.DOC_0U_0U
                0x0000057c        0x4 ./synergy/ssp/src/bsp/mcu/s7g2/bsp_hw_locks.o
                0x0000057c                g_lock_lookup_DOC_0U_0U
 .hw_lock_lookup.DRW_0U_0U
                0x00000580        0x4 ./synergy/ssp/src/bsp/mcu/s7g2/bsp_hw_locks.o
                0x00000580                g_lock_lookup_DRW_0U_0U
 .hw_lock_lookup.DTC_0U_0U
                0x00000584        0x4 ./synergy/ssp/src/bsp/mcu/s7g2/bsp_hw_locks.o
                0x00000584                g_lock_lookup_DTC_0U_0U
 .hw_lock_lookup.ELC_0U_0U
                0x00000588        0x4 ./synergy/ssp/src/bsp/mcu/s7g2/bsp_hw_locks.o
                0x00000588                g_lock_lookup_ELC_0U_0U
 .hw_lock_lookup.EPTPC_0U_0U
                0x0000058c        0x4 ./synergy/ssp/src/bsp/mcu/s7g2/bsp_hw_locks.o
                0x0000058c                g_lock_lookup_EPTPC_0U_0U
 .hw_lock_lookup.ETHER_0U_0U
                0x00000590        0x4 ./synergy/ssp/src/bsp/mcu/s7g2/bsp_hw_locks.o
                0x00000590                g_lock_lookup_ETHER_0U_0U
 .hw_lock_lookup.ETHER_0U_1U
                0x00000594        0x4 ./synergy/ssp/src/bsp/mcu/s7g2/bsp_hw_locks.o
                0x00000594                g_lock_lookup_ETHER_0U_1U
 .hw_lock_lookup.FCU_0U_0U
                0x00000598        0x4 ./synergy/ssp/src/bsp/mcu/s7g2/bsp_hw_locks.o
                0x00000598                g_lock_lookup_FCU_0U_0U
 .hw_lock_lookup.GLCDC_0U_0U
                0x0000059c        0x4 ./synergy/ssp/src/bsp/mcu/s7g2/bsp_hw_locks.o
                0x0000059c                g_lock_lookup_GLCDC_0U_0U
 .hw_lock_lookup.GPT_0U_0U
                0x000005a0        0x4 ./synergy/ssp/src/bsp/mcu/s7g2/bsp_hw_locks.o
                0x000005a0                g_lock_lookup_GPT_0U_0U
 .hw_lock_lookup.GPT_0U_10U
                0x000005a4        0x4 ./synergy/ssp/src/bsp/mcu/s7g2/bsp_hw_locks.o
                0x000005a4                g_lock_lookup_GPT_0U_10U
 .hw_lock_lookup.GPT_0U_11U
                0x000005a8        0x4 ./synergy/ssp/src/bsp/mcu/s7g2/bsp_hw_locks.o
                0x000005a8                g_lock_lookup_GPT_0U_11U
 .hw_lock_lookup.GPT_0U_12U
                0x000005ac        0x4 ./synergy/ssp/src/bsp/mcu/s7g2/bsp_hw_locks.o
                0x000005ac                g_lock_lookup_GPT_0U_12U
 .hw_lock_lookup.GPT_0U_13U
                0x000005b0        0x4 ./synergy/ssp/src/bsp/mcu/s7g2/bsp_hw_locks.o
                0x000005b0                g_lock_lookup_GPT_0U_13U
 .hw_lock_lookup.GPT_0U_1U
                0x000005b4        0x4 ./synergy/ssp/src/bsp/mcu/s7g2/bsp_hw_locks.o
                0x000005b4                g_lock_lookup_GPT_0U_1U
 .hw_lock_lookup.GPT_0U_2U
                0x000005b8        0x4 ./synergy/ssp/src/bsp/mcu/s7g2/bsp_hw_locks.o
                0x000005b8                g_lock_lookup_GPT_0U_2U
 .hw_lock_lookup.GPT_0U_3U
                0x000005bc        0x4 ./synergy/ssp/src/bsp/mcu/s7g2/bsp_hw_locks.o
                0x000005bc                g_lock_lookup_GPT_0U_3U
 .hw_lock_lookup.GPT_0U_4U
                0x000005c0        0x4 ./synergy/ssp/src/bsp/mcu/s7g2/bsp_hw_locks.o
                0x000005c0                g_lock_lookup_GPT_0U_4U
 .hw_lock_lookup.GPT_0U_5U
                0x000005c4        0x4 ./synergy/ssp/src/bsp/mcu/s7g2/bsp_hw_locks.o
                0x000005c4                g_lock_lookup_GPT_0U_5U
 .hw_lock_lookup.GPT_0U_6U
                0x000005c8        0x4 ./synergy/ssp/src/bsp/mcu/s7g2/bsp_hw_locks.o
                0x000005c8                g_lock_lookup_GPT_0U_6U
 .hw_lock_lookup.GPT_0U_7U
                0x000005cc        0x4 ./synergy/ssp/src/bsp/mcu/s7g2/bsp_hw_locks.o
                0x000005cc                g_lock_lookup_GPT_0U_7U
 .hw_lock_lookup.GPT_0U_8U
                0x000005d0        0x4 ./synergy/ssp/src/bsp/mcu/s7g2/bsp_hw_locks.o
                0x000005d0                g_lock_lookup_GPT_0U_8U
 .hw_lock_lookup.GPT_0U_9U
                0x000005d4        0x4 ./synergy/ssp/src/bsp/mcu/s7g2/bsp_hw_locks.o
                0x000005d4                g_lock_lookup_GPT_0U_9U
 .hw_lock_lookup.ICU_0U_0U
                0x000005d8        0x4 ./synergy/ssp/src/bsp/mcu/s7g2/bsp_hw_locks.o
                0x000005d8                g_lock_lookup_ICU_0U_0U
 .hw_lock_lookup.ICU_0U_10U
                0x000005dc        0x4 ./synergy/ssp/src/bsp/mcu/s7g2/bsp_hw_locks.o
                0x000005dc                g_lock_lookup_ICU_0U_10U
 .hw_lock_lookup.ICU_0U_11U
                0x000005e0        0x4 ./synergy/ssp/src/bsp/mcu/s7g2/bsp_hw_locks.o
                0x000005e0                g_lock_lookup_ICU_0U_11U
 .hw_lock_lookup.ICU_0U_12U
                0x000005e4        0x4 ./synergy/ssp/src/bsp/mcu/s7g2/bsp_hw_locks.o
                0x000005e4                g_lock_lookup_ICU_0U_12U
 .hw_lock_lookup.ICU_0U_13U
                0x000005e8        0x4 ./synergy/ssp/src/bsp/mcu/s7g2/bsp_hw_locks.o
                0x000005e8                g_lock_lookup_ICU_0U_13U
 .hw_lock_lookup.ICU_0U_14U
                0x000005ec        0x4 ./synergy/ssp/src/bsp/mcu/s7g2/bsp_hw_locks.o
                0x000005ec                g_lock_lookup_ICU_0U_14U
 .hw_lock_lookup.ICU_0U_15U
                0x000005f0        0x4 ./synergy/ssp/src/bsp/mcu/s7g2/bsp_hw_locks.o
                0x000005f0                g_lock_lookup_ICU_0U_15U
 .hw_lock_lookup.ICU_0U_1U
                0x000005f4        0x4 ./synergy/ssp/src/bsp/mcu/s7g2/bsp_hw_locks.o
                0x000005f4                g_lock_lookup_ICU_0U_1U
 .hw_lock_lookup.ICU_0U_2U
                0x000005f8        0x4 ./synergy/ssp/src/bsp/mcu/s7g2/bsp_hw_locks.o
                0x000005f8                g_lock_lookup_ICU_0U_2U
 .hw_lock_lookup.ICU_0U_3U
                0x000005fc        0x4 ./synergy/ssp/src/bsp/mcu/s7g2/bsp_hw_locks.o
                0x000005fc                g_lock_lookup_ICU_0U_3U
 .hw_lock_lookup.ICU_0U_4U
                0x00000600        0x4 ./synergy/ssp/src/bsp/mcu/s7g2/bsp_hw_locks.o
                0x00000600                g_lock_lookup_ICU_0U_4U
 .hw_lock_lookup.ICU_0U_5U
                0x00000604        0x4 ./synergy/ssp/src/bsp/mcu/s7g2/bsp_hw_locks.o
                0x00000604                g_lock_lookup_ICU_0U_5U
 .hw_lock_lookup.ICU_0U_6U
                0x00000608        0x4 ./synergy/ssp/src/bsp/mcu/s7g2/bsp_hw_locks.o
                0x00000608                g_lock_lookup_ICU_0U_6U
 .hw_lock_lookup.ICU_0U_7U
                0x0000060c        0x4 ./synergy/ssp/src/bsp/mcu/s7g2/bsp_hw_locks.o
                0x0000060c                g_lock_lookup_ICU_0U_7U
 .hw_lock_lookup.ICU_0U_8U
                0x00000610        0x4 ./synergy/ssp/src/bsp/mcu/s7g2/bsp_hw_locks.o
                0x00000610                g_lock_lookup_ICU_0U_8U
 .hw_lock_lookup.ICU_0U_9U
                0x00000614        0x4 ./synergy/ssp/src/bsp/mcu/s7g2/bsp_hw_locks.o
                0x00000614                g_lock_lookup_ICU_0U_9U
 .hw_lock_lookup.IIC_0U_0U
                0x00000618        0x4 ./synergy/ssp/src/bsp/mcu/s7g2/bsp_hw_locks.o
                0x00000618                g_lock_lookup_IIC_0U_0U
 .hw_lock_lookup.IIC_0U_1U
                0x0000061c        0x4 ./synergy/ssp/src/bsp/mcu/s7g2/bsp_hw_locks.o
                0x0000061c                g_lock_lookup_IIC_0U_1U
 .hw_lock_lookup.IIC_0U_2U
                0x00000620        0x4 ./synergy/ssp/src/bsp/mcu/s7g2/bsp_hw_locks.o
                0x00000620                g_lock_lookup_IIC_0U_2U
 .hw_lock_lookup.IRDA_0U_0U
                0x00000624        0x4 ./synergy/ssp/src/bsp/mcu/s7g2/bsp_hw_locks.o
                0x00000624                g_lock_lookup_IRDA_0U_0U
 .hw_lock_lookup.IWDT_0U_0U
                0x00000628        0x4 ./synergy/ssp/src/bsp/mcu/s7g2/bsp_hw_locks.o
                0x00000628                g_lock_lookup_IWDT_0U_0U
 .hw_lock_lookup.JPEG_0U_0U
                0x0000062c        0x4 ./synergy/ssp/src/bsp/mcu/s7g2/bsp_hw_locks.o
                0x0000062c                g_lock_lookup_JPEG_0U_0U
 .hw_lock_lookup.KEY_0U_0U
                0x00000630        0x4 ./synergy/ssp/src/bsp/mcu/s7g2/bsp_hw_locks.o
                0x00000630                g_lock_lookup_KEY_0U_0U
 .hw_lock_lookup.LPM_1U_0U
                0x00000634        0x4 ./synergy/ssp/src/bsp/mcu/s7g2/bsp_hw_locks.o
                0x00000634                g_lock_lookup_LPM_1U_0U
 .hw_lock_lookup.LVD_0U_0U
                0x00000638        0x4 ./synergy/ssp/src/bsp/mcu/s7g2/bsp_hw_locks.o
                0x00000638                g_lock_lookup_LVD_0U_0U
 .hw_lock_lookup.LVD_0U_1U
                0x0000063c        0x4 ./synergy/ssp/src/bsp/mcu/s7g2/bsp_hw_locks.o
                0x0000063c                g_lock_lookup_LVD_0U_1U
 .hw_lock_lookup.MMF_0U_0U
                0x00000640        0x4 ./synergy/ssp/src/bsp/mcu/s7g2/bsp_hw_locks.o
                0x00000640                g_lock_lookup_MMF_0U_0U
 .hw_lock_lookup.MPU_0U_0U
                0x00000644        0x4 ./synergy/ssp/src/bsp/mcu/s7g2/bsp_hw_locks.o
                0x00000644                g_lock_lookup_MPU_0U_0U
 .hw_lock_lookup.OPS_0U_0U
                0x00000648        0x4 ./synergy/ssp/src/bsp/mcu/s7g2/bsp_hw_locks.o
                0x00000648                g_lock_lookup_OPS_0U_0U
 .hw_lock_lookup.PDC_0U_0U
                0x0000064c        0x4 ./synergy/ssp/src/bsp/mcu/s7g2/bsp_hw_locks.o
                0x0000064c                g_lock_lookup_PDC_0U_0U
 .hw_lock_lookup.POEG_0U_0U
                0x00000650        0x4 ./synergy/ssp/src/bsp/mcu/s7g2/bsp_hw_locks.o
                0x00000650                g_lock_lookup_POEG_0U_0U
 .hw_lock_lookup.POEG_0U_1U
                0x00000654        0x4 ./synergy/ssp/src/bsp/mcu/s7g2/bsp_hw_locks.o
                0x00000654                g_lock_lookup_POEG_0U_1U
 .hw_lock_lookup.POEG_0U_2U
                0x00000658        0x4 ./synergy/ssp/src/bsp/mcu/s7g2/bsp_hw_locks.o
                0x00000658                g_lock_lookup_POEG_0U_2U
 .hw_lock_lookup.POEG_0U_3U
                0x0000065c        0x4 ./synergy/ssp/src/bsp/mcu/s7g2/bsp_hw_locks.o
                0x0000065c                g_lock_lookup_POEG_0U_3U
 .hw_lock_lookup.QSPI_0U_0U
                0x00000660        0x4 ./synergy/ssp/src/bsp/mcu/s7g2/bsp_hw_locks.o
                0x00000660                g_lock_lookup_QSPI_0U_0U
 .hw_lock_lookup.RTC_0U_0U
                0x00000664        0x4 ./synergy/ssp/src/bsp/mcu/s7g2/bsp_hw_locks.o
                0x00000664                g_lock_lookup_RTC_0U_0U
 .hw_lock_lookup.SCE_0U_0U
                0x00000668        0x4 ./synergy/ssp/src/bsp/mcu/s7g2/bsp_hw_locks.o
                0x00000668                g_lock_lookup_SCE_0U_0U
 .hw_lock_lookup.SCI_0U_0U
                0x0000066c        0x4 ./synergy/ssp/src/bsp/mcu/s7g2/bsp_hw_locks.o
                0x0000066c                g_lock_lookup_SCI_0U_0U
 .hw_lock_lookup.SCI_0U_1U
                0x00000670        0x4 ./synergy/ssp/src/bsp/mcu/s7g2/bsp_hw_locks.o
                0x00000670                g_lock_lookup_SCI_0U_1U
 .hw_lock_lookup.SCI_0U_2U
                0x00000674        0x4 ./synergy/ssp/src/bsp/mcu/s7g2/bsp_hw_locks.o
                0x00000674                g_lock_lookup_SCI_0U_2U
 .hw_lock_lookup.SCI_0U_3U
                0x00000678        0x4 ./synergy/ssp/src/bsp/mcu/s7g2/bsp_hw_locks.o
                0x00000678                g_lock_lookup_SCI_0U_3U
 .hw_lock_lookup.SCI_0U_4U
                0x0000067c        0x4 ./synergy/ssp/src/bsp/mcu/s7g2/bsp_hw_locks.o
                0x0000067c                g_lock_lookup_SCI_0U_4U
 .hw_lock_lookup.SCI_0U_5U
                0x00000680        0x4 ./synergy/ssp/src/bsp/mcu/s7g2/bsp_hw_locks.o
                0x00000680                g_lock_lookup_SCI_0U_5U
 .hw_lock_lookup.SCI_0U_6U
                0x00000684        0x4 ./synergy/ssp/src/bsp/mcu/s7g2/bsp_hw_locks.o
                0x00000684                g_lock_lookup_SCI_0U_6U
 .hw_lock_lookup.SCI_0U_7U
                0x00000688        0x4 ./synergy/ssp/src/bsp/mcu/s7g2/bsp_hw_locks.o
                0x00000688                g_lock_lookup_SCI_0U_7U
 .hw_lock_lookup.SCI_0U_8U
                0x0000068c        0x4 ./synergy/ssp/src/bsp/mcu/s7g2/bsp_hw_locks.o
                0x0000068c                g_lock_lookup_SCI_0U_8U
 .hw_lock_lookup.SCI_0U_9U
                0x00000690        0x4 ./synergy/ssp/src/bsp/mcu/s7g2/bsp_hw_locks.o
                0x00000690                g_lock_lookup_SCI_0U_9U
 .hw_lock_lookup.SDHIMMC_0U_0U
                0x00000694        0x4 ./synergy/ssp/src/bsp/mcu/s7g2/bsp_hw_locks.o
                0x00000694                g_lock_lookup_SDHIMMC_0U_0U
 .hw_lock_lookup.SDHIMMC_0U_1U
                0x00000698        0x4 ./synergy/ssp/src/bsp/mcu/s7g2/bsp_hw_locks.o
                0x00000698                g_lock_lookup_SDHIMMC_0U_1U
 .hw_lock_lookup.SPI_0U_0U
                0x0000069c        0x4 ./synergy/ssp/src/bsp/mcu/s7g2/bsp_hw_locks.o
                0x0000069c                g_lock_lookup_SPI_0U_0U
 .hw_lock_lookup.SPI_0U_1U
                0x000006a0        0x4 ./synergy/ssp/src/bsp/mcu/s7g2/bsp_hw_locks.o
                0x000006a0                g_lock_lookup_SPI_0U_1U
 .hw_lock_lookup.SRC_0U_0U
                0x000006a4        0x4 ./synergy/ssp/src/bsp/mcu/s7g2/bsp_hw_locks.o
                0x000006a4                g_lock_lookup_SRC_0U_0U
 .hw_lock_lookup.SSI_0U_0U
                0x000006a8        0x4 ./synergy/ssp/src/bsp/mcu/s7g2/bsp_hw_locks.o
                0x000006a8                g_lock_lookup_SSI_0U_0U
 .hw_lock_lookup.SSI_0U_1U
                0x000006ac        0x4 ./synergy/ssp/src/bsp/mcu/s7g2/bsp_hw_locks.o
                0x000006ac                g_lock_lookup_SSI_0U_1U
 .hw_lock_lookup.TSN_0U_0U
                0x000006b0        0x4 ./synergy/ssp/src/bsp/mcu/s7g2/bsp_hw_locks.o
                0x000006b0                g_lock_lookup_TSN_0U_0U
 .hw_lock_lookup.USB_0U_0U
                0x000006b4        0x4 ./synergy/ssp/src/bsp/mcu/s7g2/bsp_hw_locks.o
                0x000006b4                g_lock_lookup_USB_0U_0U
 .hw_lock_lookup.USB_1U_0U
                0x000006b8        0x4 ./synergy/ssp/src/bsp/mcu/s7g2/bsp_hw_locks.o
                0x000006b8                g_lock_lookup_USB_1U_0U
 .hw_lock_lookup.WDT_0U_0U
                0x000006bc        0x4 ./synergy/ssp/src/bsp/mcu/s7g2/bsp_hw_locks.o
                0x000006bc                g_lock_lookup_WDT_0U_0U
                0x000006c0                __Lock_Lookup_End = .
 *(.text*)
 .text          0x000006c0       0x5c c:/program files (x86)/gnu tools arm embedded/4.9 2015q3/bin/../lib/gcc/arm-none-eabi/4.9.3/armv7e-m/fpu/crtbegin.o
 .text.R_IOPORT_PinRead
                0x0000071c       0x48 ./synergy/ssp/src/driver/r_ioport/r_ioport.o
                0x0000071c                R_IOPORT_PinRead
 .text.R_IOPORT_PortRead
                0x00000764       0x28 ./synergy/ssp/src/driver/r_ioport/r_ioport.o
                0x00000764                R_IOPORT_PortRead
 .text.R_IOPORT_PortEventInputRead
                0x0000078c       0x28 ./synergy/ssp/src/driver/r_ioport/r_ioport.o
                0x0000078c                R_IOPORT_PortEventInputRead
 .text.R_IOPORT_PinEventInputRead
                0x000007b4       0x58 ./synergy/ssp/src/driver/r_ioport/r_ioport.o
                0x000007b4                R_IOPORT_PinEventInputRead
 .text.R_IOPORT_PortEventOutputWrite
                0x0000080c       0x38 ./synergy/ssp/src/driver/r_ioport/r_ioport.o
                0x0000080c                R_IOPORT_PortEventOutputWrite
 .text.R_IOPORT_PinEventOutputWrite
                0x00000844       0x54 ./synergy/ssp/src/driver/r_ioport/r_ioport.o
                0x00000844                R_IOPORT_PinEventOutputWrite
 .text.R_IOPORT_VersionGet
                0x00000898       0x18 ./synergy/ssp/src/driver/r_ioport/r_ioport.o
                0x00000898                R_IOPORT_VersionGet
 .text.R_IOPORT_PinDirectionSet
                0x000008b0       0xcc ./synergy/ssp/src/driver/r_ioport/r_ioport.o
                0x000008b0                R_IOPORT_PinDirectionSet
 .text.R_IOPORT_PortWrite
                0x0000097c       0x38 ./synergy/ssp/src/driver/r_ioport/r_ioport.o
                0x0000097c                R_IOPORT_PortWrite
 .text.R_IOPORT_PortDirectionSet
                0x000009b4       0x40 ./synergy/ssp/src/driver/r_ioport/r_ioport.o
                0x000009b4                R_IOPORT_PortDirectionSet
 .text.bsp_vbatt_init.isra.4
                0x000009f4       0x8c ./synergy/ssp/src/driver/r_ioport/r_ioport.o
 .text.R_IOPORT_EthernetModeCfg
                0x00000a80       0x58 ./synergy/ssp/src/driver/r_ioport/r_ioport.o
                0x00000a80                R_IOPORT_EthernetModeCfg
 .text.R_IOPORT_PinsCfg
                0x00000ad8       0xe0 ./synergy/ssp/src/driver/r_ioport/r_ioport.o
                0x00000ad8                R_IOPORT_PinsCfg
 .text.R_IOPORT_Init
                0x00000bb8       0x78 ./synergy/ssp/src/driver/r_ioport/r_ioport.o
                0x00000bb8                R_IOPORT_Init
 .text.R_IOPORT_PinCfg
                0x00000c30       0xd0 ./synergy/ssp/src/driver/r_ioport/r_ioport.o
                0x00000c30                R_IOPORT_PinCfg
 .text.R_IOPORT_PinWrite
                0x00000d00       0xcc ./synergy/ssp/src/driver/r_ioport/r_ioport.o
                0x00000d00                R_IOPORT_PinWrite
 .text.R_GPT_InputCaptureVersionGet
                0x00000dcc       0x14 ./synergy/ssp/src/driver/r_gpt_input_capture/r_gpt_input_capture.o
                0x00000dcc                R_GPT_InputCaptureVersionGet
 .text.R_GPT_InputCaptureLastCaptureGet
                0x00000de0       0x24 ./synergy/ssp/src/driver/r_gpt_input_capture/r_gpt_input_capture.o
                0x00000de0                R_GPT_InputCaptureLastCaptureGet
 .text.R_GPT_InputCaptureDisable
                0x00000e04       0x84 ./synergy/ssp/src/driver/r_gpt_input_capture/r_gpt_input_capture.o
                0x00000e04                R_GPT_InputCaptureDisable
 .text.R_GPT_InputCaptureInfoGet
                0x00000e88       0x30 ./synergy/ssp/src/driver/r_gpt_input_capture/r_gpt_input_capture.o
                0x00000e88                R_GPT_InputCaptureInfoGet
 .text.R_GPT_InputCaptureOpen
                0x00000eb8      0x260 ./synergy/ssp/src/driver/r_gpt_input_capture/r_gpt_input_capture.o
                0x00000eb8                R_GPT_InputCaptureOpen
 .text.R_GPT_InputCaptureClose
                0x00001118      0x110 ./synergy/ssp/src/driver/r_gpt_input_capture/r_gpt_input_capture.o
                0x00001118                R_GPT_InputCaptureClose
 .text.R_GPT_InputCaptureEnable
                0x00001228       0xa4 ./synergy/ssp/src/driver/r_gpt_input_capture/r_gpt_input_capture.o
                0x00001228                R_GPT_InputCaptureEnable
 .text.gpt_input_capture_isr
                0x000012cc       0xa8 ./synergy/ssp/src/driver/r_gpt_input_capture/r_gpt_input_capture.o
                0x000012cc                gpt_input_capture_isr
 .text.gpt_input_capture_counter_overflow_isr
                0x00001374       0x54 ./synergy/ssp/src/driver/r_gpt_input_capture/r_gpt_input_capture.o
                0x00001374                gpt_input_capture_counter_overflow_isr
 .text.R_GPT_VersionGet
                0x000013c8       0x14 ./synergy/ssp/src/driver/r_gpt/r_gpt.o
                0x000013c8                R_GPT_VersionGet
 *fill*         0x000013dc        0x4 ff
 .text.gpt_period_to_pclk
                0x000013e0      0x108 ./synergy/ssp/src/driver/r_gpt/r_gpt.o
 .text.gpt_duty_cycle_to_pclk
                0x000014e8       0x60 ./synergy/ssp/src/driver/r_gpt/r_gpt.o
 .text.R_GPT_Stop
                0x00001548       0x28 ./synergy/ssp/src/driver/r_gpt/r_gpt.o
                0x00001548                R_GPT_Stop
 .text.R_GPT_Start
                0x00001570       0x28 ./synergy/ssp/src/driver/r_gpt/r_gpt.o
                0x00001570                R_GPT_Start
 .text.R_GPT_CounterGet
                0x00001598       0x28 ./synergy/ssp/src/driver/r_gpt/r_gpt.o
                0x00001598                R_GPT_CounterGet
 .text.R_GPT_Reset
                0x000015c0       0x4c ./synergy/ssp/src/driver/r_gpt/r_gpt.o
                0x000015c0                R_GPT_Reset
 .text.R_GPT_PeriodSet
                0x0000160c       0x80 ./synergy/ssp/src/driver/r_gpt/r_gpt.o
                0x0000160c                R_GPT_PeriodSet
 .text.R_GPT_InfoGet
                0x0000168c       0x88 ./synergy/ssp/src/driver/r_gpt/r_gpt.o
                0x0000168c                R_GPT_InfoGet
 .text.R_GPT_DutyCycleSet
                0x00001714       0xb8 ./synergy/ssp/src/driver/r_gpt/r_gpt.o
                0x00001714                R_GPT_DutyCycleSet
 .text.R_GPT_Close
                0x000017cc       0xa4 ./synergy/ssp/src/driver/r_gpt/r_gpt.o
                0x000017cc                R_GPT_Close
 .text.R_GPT_TimerOpen
                0x00001870      0x430 ./synergy/ssp/src/driver/r_gpt/r_gpt.o
                0x00001870                R_GPT_TimerOpen
 .text.R_FMI_ProductInfoGet
                0x00001ca0       0x28 ./synergy/ssp/src/driver/r_fmi/r_fmi.o
 .text.R_FMI_UniqueIdGet
                0x00001cc8       0x30 ./synergy/ssp/src/driver/r_fmi/r_fmi.o
 .text.R_FMI_EventInfoGet
                0x00001cf8       0x6c ./synergy/ssp/src/driver/r_fmi/r_fmi.o
 .text.R_FMI_VersionGet
                0x00001d64       0x14 ./synergy/ssp/src/driver/r_fmi/r_fmi.o
 .text.R_FMI_Init
                0x00001d78       0xbc ./synergy/ssp/src/driver/r_fmi/r_fmi.o
 .text.R_FMI_FeatureGet
                0x00001e34      0x244 ./synergy/ssp/src/driver/r_fmi/r_fmi.o
 .text.R_ELC_LinkSet
                0x00002078       0x14 ./synergy/ssp/src/driver/r_elc/r_elc.o
                0x00002078                R_ELC_LinkSet
 .text.R_ELC_LinkBreak
                0x0000208c       0x14 ./synergy/ssp/src/driver/r_elc/r_elc.o
                0x0000208c                R_ELC_LinkBreak
 .text.R_ELC_Enable
                0x000020a0       0x14 ./synergy/ssp/src/driver/r_elc/r_elc.o
                0x000020a0                R_ELC_Enable
 .text.R_ELC_Disable
                0x000020b4       0x14 ./synergy/ssp/src/driver/r_elc/r_elc.o
                0x000020b4                R_ELC_Disable
 .text.R_ELC_VersionGet
                0x000020c8       0x14 ./synergy/ssp/src/driver/r_elc/r_elc.o
                0x000020c8                R_ELC_VersionGet
 .text.R_ELC_SoftwareEventGenerate
                0x000020dc       0x30 ./synergy/ssp/src/driver/r_elc/r_elc.o
                0x000020dc                R_ELC_SoftwareEventGenerate
 .text.R_ELC_Init
                0x0000210c       0x80 ./synergy/ssp/src/driver/r_elc/r_elc.o
                0x0000210c                R_ELC_Init
 .text.HW_CGC_Init
                0x0000218c       0x34 ./synergy/ssp/src/driver/r_cgc/hw/hw_cgc.o
                0x0000218c                HW_CGC_Init
 .text.HW_CGC_InitPLLFreq
                0x000021c0       0xf4 ./synergy/ssp/src/driver/r_cgc/hw/hw_cgc.o
                0x000021c0                HW_CGC_InitPLLFreq
 .text.HW_CGC_MainClockDriveSet
                0x000022b4       0x3c ./synergy/ssp/src/driver/r_cgc/hw/hw_cgc.o
                0x000022b4                HW_CGC_MainClockDriveSet
 .text.HW_CGC_SubClockDriveSet
                0x000022f0       0x3c ./synergy/ssp/src/driver/r_cgc/hw/hw_cgc.o
                0x000022f0                HW_CGC_SubClockDriveSet
 .text.HW_CGC_ClockStart
                0x0000232c       0xa0 ./synergy/ssp/src/driver/r_cgc/hw/hw_cgc.o
                0x0000232c                HW_CGC_ClockStart
 .text.HW_CGC_ClockStop
                0x000023cc       0xa0 ./synergy/ssp/src/driver/r_cgc/hw/hw_cgc.o
                0x000023cc                HW_CGC_ClockStop
 .text.HW_CGC_ClockCheck
                0x0000246c       0x2c ./synergy/ssp/src/driver/r_cgc/hw/hw_cgc.o
                0x0000246c                HW_CGC_ClockCheck
 .text.HW_CGC_ClockRunStateGet
                0x00002498       0x68 ./synergy/ssp/src/driver/r_cgc/hw/hw_cgc.o
                0x00002498                HW_CGC_ClockRunStateGet
 .text.HW_CGC_DelayCycles
                0x00002500        0x8 ./synergy/ssp/src/driver/r_cgc/hw/hw_cgc.o
                0x00002500                HW_CGC_DelayCycles
 .text.HW_CGC_MainOscSourceSet
                0x00002508       0x2c ./synergy/ssp/src/driver/r_cgc/hw/hw_cgc.o
                0x00002508                HW_CGC_MainOscSourceSet
 .text.HW_CGC_ClockWaitSet
                0x00002534       0x28 ./synergy/ssp/src/driver/r_cgc/hw/hw_cgc.o
                0x00002534                HW_CGC_ClockWaitSet
 .text.HW_CGC_ClockSourceValidCheck
                0x0000255c       0x28 ./synergy/ssp/src/driver/r_cgc/hw/hw_cgc.o
                0x0000255c                HW_CGC_ClockSourceValidCheck
 .text.HW_CGC_SystemClockValidCheck
                0x00002584        0xc ./synergy/ssp/src/driver/r_cgc/hw/hw_cgc.o
                0x00002584                HW_CGC_SystemClockValidCheck
 .text.HW_CGC_ClockSourceGet
                0x00002590        0xc ./synergy/ssp/src/driver/r_cgc/hw/hw_cgc.o
                0x00002590                HW_CGC_ClockSourceGet
 .text.HW_CGC_ClockSourceSet
                0x0000259c       0x28 ./synergy/ssp/src/driver/r_cgc/hw/hw_cgc.o
                0x0000259c                HW_CGC_ClockSourceSet
 .text.HW_CGC_PLLClockSourceGet
                0x000025c4       0x24 ./synergy/ssp/src/driver/r_cgc/hw/hw_cgc.o
                0x000025c4                HW_CGC_PLLClockSourceGet
 .text.HW_CGC_PLLClockSourceSet
                0x000025e8       0x28 ./synergy/ssp/src/driver/r_cgc/hw/hw_cgc.o
                0x000025e8                HW_CGC_PLLClockSourceSet
 .text.HW_CGC_PLLMultiplierSet
                0x00002610       0x90 ./synergy/ssp/src/driver/r_cgc/hw/hw_cgc.o
                0x00002610                HW_CGC_PLLMultiplierSet
 .text.HW_CGC_PLLDividerSet
                0x000026a0       0x88 ./synergy/ssp/src/driver/r_cgc/hw/hw_cgc.o
                0x000026a0                HW_CGC_PLLDividerSet
 .text.HW_CGC_SystemDividersSet
                0x00002728       0x70 ./synergy/ssp/src/driver/r_cgc/hw/hw_cgc.o
                0x00002728                HW_CGC_SystemDividersSet
 .text.HW_CGC_SystemDividersGet
                0x00002798       0x3c ./synergy/ssp/src/driver/r_cgc/hw/hw_cgc.o
                0x00002798                HW_CGC_SystemDividersGet
 .text.HW_CGC_ClockCfgValidCheck
                0x000027d4       0x58 ./synergy/ssp/src/driver/r_cgc/hw/hw_cgc.o
                0x000027d4                HW_CGC_ClockCfgValidCheck
 .text.HW_CGC_ClockDividerGet
                0x0000282c       0x4c ./synergy/ssp/src/driver/r_cgc/hw/hw_cgc.o
                0x0000282c                HW_CGC_ClockDividerGet
 .text.HW_CGC_ClockHzGet
                0x00002878       0x20 ./synergy/ssp/src/driver/r_cgc/hw/hw_cgc.o
                0x00002878                HW_CGC_ClockHzGet
 .text.HW_CGC_ClockHzCalculate
                0x00002898       0x10 ./synergy/ssp/src/driver/r_cgc/hw/hw_cgc.o
                0x00002898                HW_CGC_ClockHzCalculate
 .text.HW_CGC_OperatingModeSet
                0x000028a8       0xb0 ./synergy/ssp/src/driver/r_cgc/hw/hw_cgc.o
                0x000028a8                HW_CGC_OperatingModeSet
 .text.HW_CGC_OperatingModeGet
                0x00002958       0x14 ./synergy/ssp/src/driver/r_cgc/hw/hw_cgc.o
                0x00002958                HW_CGC_OperatingModeGet
 .text.HW_CGC_OscStopDetectEnable
                0x0000296c       0x2c ./synergy/ssp/src/driver/r_cgc/hw/hw_cgc.o
                0x0000296c                HW_CGC_OscStopDetectEnable
 .text.HW_CGC_OscStopDetectDisable
                0x00002998       0x2c ./synergy/ssp/src/driver/r_cgc/hw/hw_cgc.o
                0x00002998                HW_CGC_OscStopDetectDisable
 .text.HW_CGC_OscStopDetectEnabledGet
                0x000029c4        0x8 ./synergy/ssp/src/driver/r_cgc/hw/hw_cgc.o
                0x000029c4                HW_CGC_OscStopDetectEnabledGet
 .text.HW_CGC_OscStopDetectGet
                0x000029cc        0xc ./synergy/ssp/src/driver/r_cgc/hw/hw_cgc.o
                0x000029cc                HW_CGC_OscStopDetectGet
 .text.HW_CGC_OscStopStatusClear
                0x000029d8       0x30 ./synergy/ssp/src/driver/r_cgc/hw/hw_cgc.o
                0x000029d8                HW_CGC_OscStopStatusClear
 .text.HW_CGC_BusClockOutCfg
                0x00002a08       0x28 ./synergy/ssp/src/driver/r_cgc/hw/hw_cgc.o
                0x00002a08                HW_CGC_BusClockOutCfg
 .text.HW_CGC_BusClockOutEnable
                0x00002a30       0x20 ./synergy/ssp/src/driver/r_cgc/hw/hw_cgc.o
                0x00002a30                HW_CGC_BusClockOutEnable
 .text.HW_CGC_BusClockOutDisable
                0x00002a50       0x20 ./synergy/ssp/src/driver/r_cgc/hw/hw_cgc.o
                0x00002a50                HW_CGC_BusClockOutDisable
 .text.HW_CGC_ClockOutCfg
                0x00002a70       0x4c ./synergy/ssp/src/driver/r_cgc/hw/hw_cgc.o
                0x00002a70                HW_CGC_ClockOutCfg
 .text.HW_CGC_ClockOutEnable
                0x00002abc       0x20 ./synergy/ssp/src/driver/r_cgc/hw/hw_cgc.o
                0x00002abc                HW_CGC_ClockOutEnable
 .text.HW_CGC_ClockOutDisable
                0x00002adc       0x20 ./synergy/ssp/src/driver/r_cgc/hw/hw_cgc.o
                0x00002adc                HW_CGC_ClockOutDisable
 .text.HW_CGC_SDRAMClockOutEnable
                0x00002afc       0x20 ./synergy/ssp/src/driver/r_cgc/hw/hw_cgc.o
                0x00002afc                HW_CGC_SDRAMClockOutEnable
 .text.HW_CGC_SDRAMClockOutDisable
                0x00002b1c       0x20 ./synergy/ssp/src/driver/r_cgc/hw/hw_cgc.o
                0x00002b1c                HW_CGC_SDRAMClockOutDisable
 .text.HW_CGC_USBClockCfg
                0x00002b3c       0x2c ./synergy/ssp/src/driver/r_cgc/hw/hw_cgc.o
                0x00002b3c                HW_CGC_USBClockCfg
 .text.HW_CGC_SystickUpdate
                0x00002b68       0x54 ./synergy/ssp/src/driver/r_cgc/hw/hw_cgc.o
                0x00002b68                HW_CGC_SystickUpdate
 .text.HW_CGC_LCDClockCfg
                0x00002bbc       0x14 ./synergy/ssp/src/driver/r_cgc/hw/hw_cgc.o
                0x00002bbc                HW_CGC_LCDClockCfg
 .text.HW_CGC_LCDClockCfgGet
                0x00002bd0        0xc ./synergy/ssp/src/driver/r_cgc/hw/hw_cgc.o
                0x00002bd0                HW_CGC_LCDClockCfgGet
 .text.HW_CGC_LCDClockEnable
                0x00002bdc       0x10 ./synergy/ssp/src/driver/r_cgc/hw/hw_cgc.o
                0x00002bdc                HW_CGC_LCDClockEnable
 .text.HW_CGC_LCDClockDisable
                0x00002bec       0x10 ./synergy/ssp/src/driver/r_cgc/hw/hw_cgc.o
                0x00002bec                HW_CGC_LCDClockDisable
 .text.HW_CGC_LCDClockIsEnabled
                0x00002bfc        0x8 ./synergy/ssp/src/driver/r_cgc/hw/hw_cgc.o
                0x00002bfc                HW_CGC_LCDClockIsEnabled
 .text.HW_CGC_SDADCClockCfg
                0x00002c04       0x1c ./synergy/ssp/src/driver/r_cgc/hw/hw_cgc.o
                0x00002c04                HW_CGC_SDADCClockCfg
 .text.HW_CGC_SDADCClockEnable
                0x00002c20       0x10 ./synergy/ssp/src/driver/r_cgc/hw/hw_cgc.o
                0x00002c20                HW_CGC_SDADCClockEnable
 .text.HW_CGC_SDADCClockDisable
                0x00002c30       0x10 ./synergy/ssp/src/driver/r_cgc/hw/hw_cgc.o
                0x00002c30                HW_CGC_SDADCClockDisable
 .text.HW_CGC_SDADCClockIsEnabled
                0x00002c40        0x8 ./synergy/ssp/src/driver/r_cgc/hw/hw_cgc.o
                0x00002c40                HW_CGC_SDADCClockIsEnabled
 .text.HW_CGC_HocoWaitControlSet
                0x00002c48       0x28 ./synergy/ssp/src/driver/r_cgc/hw/hw_cgc.o
                0x00002c48                HW_CGC_HocoWaitControlSet
 .text.R_CGC_VersionGet
                0x00002c70       0x14 ./synergy/ssp/src/driver/r_cgc/r_cgc.o
                0x00002c70                R_CGC_VersionGet
 .text.R_CGC_Init
                0x00002c84       0xb4 ./synergy/ssp/src/driver/r_cgc/r_cgc.o
                0x00002c84                R_CGC_Init
 .text.R_CGC_SystemClockGet
                0x00002d38       0x28 ./synergy/ssp/src/driver/r_cgc/r_cgc.o
                0x00002d38                R_CGC_SystemClockGet
 .text.R_CGC_OscStopDetect
                0x00002d60       0xe4 ./synergy/ssp/src/driver/r_cgc/r_cgc.o
                0x00002d60                R_CGC_OscStopDetect
 .text.R_CGC_OscStopStatusClear
                0x00002e44       0x50 ./synergy/ssp/src/driver/r_cgc/r_cgc.o
                0x00002e44                R_CGC_OscStopStatusClear
 .text.R_CGC_BusClockOutCfg
                0x00002e94       0x14 ./synergy/ssp/src/driver/r_cgc/r_cgc.o
                0x00002e94                R_CGC_BusClockOutCfg
 .text.R_CGC_BusClockOutEnable
                0x00002ea8       0x14 ./synergy/ssp/src/driver/r_cgc/r_cgc.o
                0x00002ea8                R_CGC_BusClockOutEnable
 .text.R_CGC_BusClockOutDisable
                0x00002ebc       0x14 ./synergy/ssp/src/driver/r_cgc/r_cgc.o
                0x00002ebc                R_CGC_BusClockOutDisable
 .text.R_CGC_ClockOutCfg
                0x00002ed0       0x18 ./synergy/ssp/src/driver/r_cgc/r_cgc.o
                0x00002ed0                R_CGC_ClockOutCfg
 .text.R_CGC_ClockOutEnable
                0x00002ee8       0x14 ./synergy/ssp/src/driver/r_cgc/r_cgc.o
                0x00002ee8                R_CGC_ClockOutEnable
 .text.R_CGC_ClockOutDisable
                0x00002efc       0x14 ./synergy/ssp/src/driver/r_cgc/r_cgc.o
                0x00002efc                R_CGC_ClockOutDisable
 .text.R_CGC_ClockCheck
                0x00002f10       0x70 ./synergy/ssp/src/driver/r_cgc/r_cgc.o
                0x00002f10                R_CGC_ClockCheck
 .text.r_cgc_stabilization_wait
                0x00002f80       0x30 ./synergy/ssp/src/driver/r_cgc/r_cgc.o
 .text.R_CGC_ClockStart
                0x00002fb0      0x1a4 ./synergy/ssp/src/driver/r_cgc/r_cgc.o
                0x00002fb0                R_CGC_ClockStart
 .text.R_CGC_ClockStop
                0x00003154       0xc8 ./synergy/ssp/src/driver/r_cgc/r_cgc.o
                0x00003154                R_CGC_ClockStop
 .text.r_cgc_clock_start_stop
                0x0000321c       0x30 ./synergy/ssp/src/driver/r_cgc/r_cgc.o
 .text.R_CGC_SystemClockFreqGet
                0x0000324c       0x34 ./synergy/ssp/src/driver/r_cgc/r_cgc.o
                0x0000324c                R_CGC_SystemClockFreqGet
 .text.R_CGC_LCDClockEnable
                0x00003280       0x50 ./synergy/ssp/src/driver/r_cgc/r_cgc.o
                0x00003280                R_CGC_LCDClockEnable
 .text.R_CGC_LCDClockDisable
                0x000032d0       0x50 ./synergy/ssp/src/driver/r_cgc/r_cgc.o
                0x000032d0                R_CGC_LCDClockDisable
 .text.R_CGC_LCDClockCfg
                0x00003320       0x80 ./synergy/ssp/src/driver/r_cgc/r_cgc.o
                0x00003320                R_CGC_LCDClockCfg
 .text.R_CGC_SDADCClockEnable.part.8
                0x000033a0       0x1c ./synergy/ssp/src/driver/r_cgc/r_cgc.o
 .text.R_CGC_SDADCClockEnable
                0x000033bc       0x1c ./synergy/ssp/src/driver/r_cgc/r_cgc.o
                0x000033bc                R_CGC_SDADCClockEnable
 .text.R_CGC_SDADCClockDisable.part.9
                0x000033d8       0x1c ./synergy/ssp/src/driver/r_cgc/r_cgc.o
 .text.R_CGC_SDADCClockDisable
                0x000033f4       0x1c ./synergy/ssp/src/driver/r_cgc/r_cgc.o
                0x000033f4                R_CGC_SDADCClockDisable
 .text.R_CGC_SDADCClockCfg
                0x00003410       0x60 ./synergy/ssp/src/driver/r_cgc/r_cgc.o
                0x00003410                R_CGC_SDADCClockCfg
 .text.R_CGC_SDRAMClockOutEnable
                0x00003470       0x1c ./synergy/ssp/src/driver/r_cgc/r_cgc.o
                0x00003470                R_CGC_SDRAMClockOutEnable
 .text.R_CGC_SDRAMClockOutDisable
                0x0000348c       0x1c ./synergy/ssp/src/driver/r_cgc/r_cgc.o
                0x0000348c                R_CGC_SDRAMClockOutDisable
 .text.R_CGC_USBClockCfg
                0x000034a8       0x20 ./synergy/ssp/src/driver/r_cgc/r_cgc.o
                0x000034a8                R_CGC_USBClockCfg
 .text.R_CGC_SystickUpdate.part.14
                0x000034c8       0x44 ./synergy/ssp/src/driver/r_cgc/r_cgc.o
 .text.R_CGC_SystickUpdate
                0x0000350c        0xc ./synergy/ssp/src/driver/r_cgc/r_cgc.o
                0x0000350c                R_CGC_SystickUpdate
 .text.R_CGC_SystemClockSet
                0x00003518      0x1d4 ./synergy/ssp/src/driver/r_cgc/r_cgc.o
                0x00003518                R_CGC_SystemClockSet
 .text.R_CGC_ClocksCfg
                0x000036ec      0x16c ./synergy/ssp/src/driver/r_cgc/r_cgc.o
                0x000036ec                R_CGC_ClocksCfg
 .text.R_ADC_VersionGet
                0x00003858       0x14 ./synergy/ssp/src/driver/r_adc/r_adc.o
                0x00003858                R_ADC_VersionGet
 .text.R_ADC_OffsetSet
                0x0000386c        0x4 ./synergy/ssp/src/driver/r_adc/r_adc.o
                0x0000386c                R_ADC_OffsetSet
 .text.R_ADC_Calibrate
                0x00003870       0x48 ./synergy/ssp/src/driver/r_adc/r_adc.o
                0x00003870                R_ADC_Calibrate
 .text.R_ADC_ScanStart
                0x000038b8       0x48 ./synergy/ssp/src/driver/r_adc/r_adc.o
                0x000038b8                R_ADC_ScanStart
 .text.R_ADC_ScanStop
                0x00003900       0x34 ./synergy/ssp/src/driver/r_adc/r_adc.o
                0x00003900                R_ADC_ScanStop
 .text.R_ADC_CheckScanDone
                0x00003934       0x28 ./synergy/ssp/src/driver/r_adc/r_adc.o
                0x00003934                R_ADC_CheckScanDone
 .text.R_ADC_Read
                0x0000395c       0x60 ./synergy/ssp/src/driver/r_adc/r_adc.o
                0x0000395c                R_ADC_Read
 .text.R_ADC_Read32
                0x000039bc       0x34 ./synergy/ssp/src/driver/r_adc/r_adc.o
                0x000039bc                R_ADC_Read32
 .text.R_ADC_SetSampleStateCount
                0x000039f0       0x60 ./synergy/ssp/src/driver/r_adc/r_adc.o
                0x000039f0                R_ADC_SetSampleStateCount
 .text.R_ADC_InfoGet
                0x00003a50       0xf8 ./synergy/ssp/src/driver/r_adc/r_adc.o
                0x00003a50                R_ADC_InfoGet
 .text.r_adc_close_sub
                0x00003b48       0x68 ./synergy/ssp/src/driver/r_adc/r_adc.o
 .text.R_ADC_Close
                0x00003bb0      0x104 ./synergy/ssp/src/driver/r_adc/r_adc.o
                0x00003bb0                R_ADC_Close
 .text.R_ADC_ScanConfigure
                0x00003cb4      0x414 ./synergy/ssp/src/driver/r_adc/r_adc.o
                0x00003cb4                R_ADC_ScanConfigure
 .text.R_ADC_Open
                0x000040c8      0x490 ./synergy/ssp/src/driver/r_adc/r_adc.o
                0x000040c8                R_ADC_Open
 .text.R_BSP_CacheOff
                0x00004558       0x28 ./synergy/ssp/src/bsp/mcu/s7g2/bsp_cache.o
                0x00004558                R_BSP_CacheOff
 .text.R_BSP_CacheSet
                0x00004580       0x48 ./synergy/ssp/src/bsp/mcu/s7g2/bsp_cache.o
                0x00004580                R_BSP_CacheSet
 .text.bsp_clock_init
                0x000045c8       0x90 ./synergy/ssp/src/bsp/mcu/s7g2/bsp_clocks.o
                0x000045c8                bsp_clock_init
 .text.bsp_cpu_clock_get
                0x00004658       0x20 ./synergy/ssp/src/bsp/mcu/s7g2/bsp_clocks.o
                0x00004658                bsp_cpu_clock_get
 .text.bsp_clock_set_callback
                0x00004678      0x124 ./synergy/ssp/src/bsp/mcu/s7g2/bsp_clocks.o
                0x00004678                bsp_clock_set_callback
 .text.R_BSP_FeatureAdcGet
                0x0000479c       0x30 ./synergy/ssp/src/bsp/mcu/s7g2/bsp_feature.o
                0x0000479c                R_BSP_FeatureAdcGet
 .text.R_BSP_FeatureIoportGet
                0x000047cc        0xc ./synergy/ssp/src/bsp/mcu/s7g2/bsp_feature.o
                0x000047cc                R_BSP_FeatureIoportGet
 .text.R_BSP_FeatureCgcGet
                0x000047d8        0xc ./synergy/ssp/src/bsp/mcu/s7g2/bsp_feature.o
                0x000047d8                R_BSP_FeatureCgcGet
 .text.bsp_group_interrupt_open
                0x000047e4       0x18 ./synergy/ssp/src/bsp/mcu/s7g2/bsp_group_irq.o
                0x000047e4                bsp_group_interrupt_open
 .text.R_BSP_GroupIrqWrite
                0x000047fc       0x10 ./synergy/ssp/src/bsp/mcu/s7g2/bsp_group_irq.o
                0x000047fc                R_BSP_GroupIrqWrite
 .text.NMI_Handler
                0x0000480c      0x1f4 ./synergy/ssp/src/bsp/mcu/s7g2/bsp_group_irq.o
                0x0000480c                NMI_Handler
 .text.r_bsp_module_start_stop
                0x00004a00       0xb4 ./synergy/ssp/src/bsp/mcu/s7g2/bsp_module_stop.o
 .text.R_BSP_ModuleStop
                0x00004ab4        0x8 ./synergy/ssp/src/bsp/mcu/s7g2/bsp_module_stop.o
                0x00004ab4                R_BSP_ModuleStop
 .text.R_BSP_ModuleStart
                0x00004abc        0x8 ./synergy/ssp/src/bsp/mcu/s7g2/bsp_module_stop.o
                0x00004abc                R_BSP_ModuleStart
 .text.software_delay_loop
                0x00004ac4        0xc ./synergy/ssp/src/bsp/mcu/all/bsp_delay.o
 .text.R_BSP_SoftwareDelay
                0x00004ad0       0x58 ./synergy/ssp/src/bsp/mcu/all/bsp_delay.o
                0x00004ad0                R_BSP_SoftwareDelay
 .text.R_BSP_IrqStatusClear
                0x00004b28       0x18 ./synergy/ssp/src/bsp/mcu/all/bsp_irq.o
                0x00004b28                R_BSP_IrqStatusClear
 .text.bsp_irq_cfg
                0x00004b40       0x40 ./synergy/ssp/src/bsp/mcu/all/bsp_irq.o
                0x00004b40                bsp_irq_cfg
 .text.R_BSP_HardwareLock
                0x00004b80       0x68 ./synergy/ssp/src/bsp/mcu/all/bsp_locking.o
                0x00004b80                R_BSP_HardwareLock
 .text.R_BSP_HardwareUnlock
                0x00004be8       0x4c ./synergy/ssp/src/bsp/mcu/all/bsp_locking.o
                0x00004be8                R_BSP_HardwareUnlock
 .text.bsp_init_hardware_locks
                0x00004c34       0x44 ./synergy/ssp/src/bsp/mcu/all/bsp_locking.o
                0x00004c34                bsp_init_hardware_locks
 .text.R_BSP_RegisterProtectEnable
                0x00004c78       0x60 ./synergy/ssp/src/bsp/mcu/all/bsp_register_protection.o
                0x00004c78                R_BSP_RegisterProtectEnable
 .text.R_BSP_RegisterProtectDisable
                0x00004cd8       0x50 ./synergy/ssp/src/bsp/mcu/all/bsp_register_protection.o
                0x00004cd8                R_BSP_RegisterProtectDisable
 .text.bsp_register_protect_open
                0x00004d28       0x10 ./synergy/ssp/src/bsp/mcu/all/bsp_register_protection.o
                0x00004d28                bsp_register_protect_open
 .text.Default_Handler
                0x00004d38        0x4 ./synergy/ssp/src/bsp/cmsis/Device/RENESAS/S7G2/Source/startup_S7G2.o
                0x00004d38                HardFault_Handler
                0x00004d38                UsageFault_Handler
                0x00004d38                Default_Handler
                0x00004d38                MemManage_Handler
                0x00004d38                SVC_Handler
                0x00004d38                BusFault_Handler
                0x00004d38                DebugMon_Handler
 .text.Reset_Handler
                0x00004d3c        0xc ./synergy/ssp/src/bsp/cmsis/Device/RENESAS/S7G2/Source/startup_S7G2.o
                0x00004d3c                Reset_Handler
 .text.R_BSP_WarmStart
                0x00004d48        0x4 ./synergy/ssp/src/bsp/cmsis/Device/RENESAS/S7G2/Source/system_S7G2.o
                0x00004d48                R_BSP_WarmStart
 .text.SystemInit
                0x00004d4c       0xe0 ./synergy/ssp/src/bsp/cmsis/Device/RENESAS/S7G2/Source/system_S7G2.o
                0x00004d4c                SystemInit
 .text.bsp_init
                0x00004e2c        0x4 ./synergy/board/s7g2_sk/bsp_init.o
                0x00004e2c                bsp_init
 .text.bsp_qspi_xip_mode
                0x00004e30       0x88 ./synergy/board/s7g2_sk/bsp_qspi.o
 .text.bsp_qspi_init
                0x00004eb8      0x148 ./synergy/board/s7g2_sk/bsp_qspi.o
                0x00004eb8                bsp_qspi_init
 .text.analogToDigitalConverterThread_func
                0x00005000       0x10 ./src/synergy_gen/analogToDigitalConverterThread.o
 .text.analogToDigitalConverterThread_create
                0x00005010       0x58 ./src/synergy_gen/analogToDigitalConverterThread.o
                0x00005010                analogToDigitalConverterThread_create
 .text.g_common_init
                0x00005068        0x4 ./src/synergy_gen/common_data.o
                0x00005068                g_common_init
 .text.g_hal_init
                0x0000506c        0x4 ./src/synergy_gen/hal_data.o
                0x0000506c                g_hal_init
 .text.inputCaptureThread_func
                0x00005070       0x10 ./src/synergy_gen/inputCaptureThread.o
 .text.inputCaptureThread_create
                0x00005080       0x58 ./src/synergy_gen/inputCaptureThread.o
                0x00005080                inputCaptureThread_create
 .text.tx_application_define_internal
                0x000050d8        0x4 ./src/synergy_gen/main.o
                0x000050d8                tx_application_define_user
                0x000050d8                tx_application_define_internal
 .text.tx_startup_err_callback_internal
                0x000050dc        0x4 ./src/synergy_gen/main.o
                0x000050dc                tx_startup_err_callback_internal
                0x000050dc                tx_startup_err_callback
 .text.tx_application_define
                0x000050e0       0x48 ./src/synergy_gen/main.o
                0x000050e0                tx_application_define
 .text.tx_startup_common_init
                0x00005128       0x54 ./src/synergy_gen/main.o
                0x00005128                tx_startup_common_init
 .text.startup.main
                0x0000517c        0xc ./src/synergy_gen/main.o
                0x0000517c                main
 .text.mainControlThread_func
                0x00005188       0x10 ./src/synergy_gen/mainControlThread.o
 .text.mainControlThread_create
                0x00005198       0xb0 ./src/synergy_gen/mainControlThread.o
                0x00005198                mainControlThread_create
 .text.InitializeAdc
                0x00005248       0x28 ./src/AnalogToDigitalConverter.o
                0x00005248                InitializeAdc
 .text.ReadAdcChannelZero
                0x00005270       0x1c ./src/AnalogToDigitalConverter.o
                0x00005270                ReadAdcChannelZero
 .text.AdcDataToPercentage
                0x0000528c       0x20 ./src/AnalogToDigitalConverter.o
                0x0000528c                AdcDataToPercentage
 .text.InitializeInputCapture
                0x000052ac       0x44 ./src/InputCapture.o
                0x000052ac                InitializeInputCapture
 .text.InputCaptureCallback
                0x000052f0       0xc4 ./src/InputCapture.o
                0x000052f0                InputCaptureCallback
 .text.InitializeVariablesPid
                0x000053b4       0x90 ./src/PidControl.o
                0x000053b4                InitializeVariablesPid
 *fill*         0x00005444        0x4 ff
 .text.SetGainsPid
                0x00005448       0x9c ./src/PidControl.o
                0x00005448                SetGainsPid
 .text.ComputePidControl
                0x000054e4      0x148 ./src/PidControl.o
                0x000054e4                ComputePidControl
 .text.InitializePwm
                0x0000562c       0x20 ./src/PulseWidthModulation.o
                0x0000562c                InitializePwm
 .text.SetDutyCyclePwm
                0x0000564c       0x1c ./src/PulseWidthModulation.o
                0x0000564c                SetDutyCyclePwm
 .text.analogToDigitalConverterThread_entry
                0x00005668       0x34 ./src/analogToDigitalConverterThread_entry.o
                0x00005668                analogToDigitalConverterThread_entry
 .text.inputCaptureThread_entry
                0x0000569c       0x2c ./src/inputCaptureThread_entry.o
                0x0000569c                inputCaptureThread_entry
 .text.mainControlThread_entry
                0x000056c8       0x94 ./src/mainControlThread_entry.o
                0x000056c8                mainControlThread_entry
 .text._txe_queue_create
                0x0000575c       0xd0 C:\Users\User\Desktop\ProyectoDiplomado\Integrator-Project\Code\Integrator_Project\synergy\ssp\src\framework\el\tx\cm4_gcc\libtx.a(txe_queue_create.o)
                0x0000575c                _txe_queue_create
 .text._txe_queue_receive
                0x0000582c       0x40 C:\Users\User\Desktop\ProyectoDiplomado\Integrator-Project\Code\Integrator_Project\synergy\ssp\src\framework\el\tx\cm4_gcc\libtx.a(txe_queue_receive.o)
                0x0000582c                _txe_queue_receive
 .text._txe_queue_send
                0x0000586c       0x40 C:\Users\User\Desktop\ProyectoDiplomado\Integrator-Project\Code\Integrator_Project\synergy\ssp\src\framework\el\tx\cm4_gcc\libtx.a(txe_queue_send.o)
                0x0000586c                _txe_queue_send
 .text._txe_semaphore_create
                0x000058ac       0xa8 C:\Users\User\Desktop\ProyectoDiplomado\Integrator-Project\Code\Integrator_Project\synergy\ssp\src\framework\el\tx\cm4_gcc\libtx.a(txe_semaphore_create.o)
                0x000058ac                _txe_semaphore_create
 .text._txe_semaphore_get
                0x00005954       0x2c C:\Users\User\Desktop\ProyectoDiplomado\Integrator-Project\Code\Integrator_Project\synergy\ssp\src\framework\el\tx\cm4_gcc\libtx.a(txe_semaphore_get.o)
                0x00005954                _txe_semaphore_get
 .text._txe_semaphore_put
                0x00005980       0x18 C:\Users\User\Desktop\ProyectoDiplomado\Integrator-Project\Code\Integrator_Project\synergy\ssp\src\framework\el\tx\cm4_gcc\libtx.a(txe_semaphore_put.o)
                0x00005980                _txe_semaphore_put
 .text._txe_thread_create
                0x00005998      0x144 C:\Users\User\Desktop\ProyectoDiplomado\Integrator-Project\Code\Integrator_Project\synergy\ssp\src\framework\el\tx\cm4_gcc\libtx.a(txe_thread_create.o)
                0x00005998                _txe_thread_create
 .text._tx_initialize_high_level
                0x00005adc       0x88 C:\Users\User\Desktop\ProyectoDiplomado\Integrator-Project\Code\Integrator_Project\synergy\ssp\src\framework\el\tx\cm4_gcc\libtx.a(tx_initialize_high_level.o)
                0x00005adc                _tx_initialize_high_level
 .text._tx_initialize_kernel_enter
                0x00005b64       0x48 C:\Users\User\Desktop\ProyectoDiplomado\Integrator-Project\Code\Integrator_Project\synergy\ssp\src\framework\el\tx\cm4_gcc\libtx.a(tx_initialize_kernel_enter.o)
                0x00005b64                _tx_initialize_kernel_enter
 .text.tx_isr_end
                0x00005bac        0x4 C:\Users\User\Desktop\ProyectoDiplomado\Integrator-Project\Code\Integrator_Project\synergy\ssp\src\framework\el\tx\cm4_gcc\libtx.a(tx_isr_end.o)
                0x00005bac                tx_isr_end
 .text.tx_isr_start
                0x00005bb0        0x4 C:\Users\User\Desktop\ProyectoDiplomado\Integrator-Project\Code\Integrator_Project\synergy\ssp\src\framework\el\tx\cm4_gcc\libtx.a(tx_isr_start.o)
                0x00005bb0                tx_isr_start
 .text._tx_queue_create
                0x00005bb4       0x6c C:\Users\User\Desktop\ProyectoDiplomado\Integrator-Project\Code\Integrator_Project\synergy\ssp\src\framework\el\tx\cm4_gcc\libtx.a(tx_queue_create.o)
                0x00005bb4                _tx_queue_create
 .text._tx_queue_receive
                0x00005c20      0x1f4 C:\Users\User\Desktop\ProyectoDiplomado\Integrator-Project\Code\Integrator_Project\synergy\ssp\src\framework\el\tx\cm4_gcc\libtx.a(tx_queue_receive.o)
                0x00005c20                _tx_queue_receive
 .text._tx_queue_send
                0x00005e14      0x12c C:\Users\User\Desktop\ProyectoDiplomado\Integrator-Project\Code\Integrator_Project\synergy\ssp\src\framework\el\tx\cm4_gcc\libtx.a(tx_queue_send.o)
                0x00005e14                _tx_queue_send
 .text._tx_semaphore_create
                0x00005f40       0x54 C:\Users\User\Desktop\ProyectoDiplomado\Integrator-Project\Code\Integrator_Project\synergy\ssp\src\framework\el\tx\cm4_gcc\libtx.a(tx_semaphore_create.o)
                0x00005f40                _tx_semaphore_create
 .text._tx_semaphore_get
                0x00005f94       0x8c C:\Users\User\Desktop\ProyectoDiplomado\Integrator-Project\Code\Integrator_Project\synergy\ssp\src\framework\el\tx\cm4_gcc\libtx.a(tx_semaphore_get.o)
                0x00005f94                _tx_semaphore_get
 .text._tx_semaphore_put
                0x00006020       0x54 C:\Users\User\Desktop\ProyectoDiplomado\Integrator-Project\Code\Integrator_Project\synergy\ssp\src\framework\el\tx\cm4_gcc\libtx.a(tx_semaphore_put.o)
                0x00006020                _tx_semaphore_put
 .text._tx_thread_create
                0x00006074      0x13c C:\Users\User\Desktop\ProyectoDiplomado\Integrator-Project\Code\Integrator_Project\synergy\ssp\src\framework\el\tx\cm4_gcc\libtx.a(tx_thread_create.o)
                0x00006074                _tx_thread_create
 .text._tx_thread_initialize
                0x000061b0       0x68 C:\Users\User\Desktop\ProyectoDiplomado\Integrator-Project\Code\Integrator_Project\synergy\ssp\src\framework\el\tx\cm4_gcc\libtx.a(tx_thread_initialize.o)
                0x000061b0                _tx_thread_initialize
 .text._tx_thread_shell_entry
                0x00006218       0x48 C:\Users\User\Desktop\ProyectoDiplomado\Integrator-Project\Code\Integrator_Project\synergy\ssp\src\framework\el\tx\cm4_gcc\libtx.a(tx_thread_shell_entry.o)
                0x00006218                _tx_thread_shell_entry
 .text._tx_thread_sleep
                0x00006260       0x64 C:\Users\User\Desktop\ProyectoDiplomado\Integrator-Project\Code\Integrator_Project\synergy\ssp\src\framework\el\tx\cm4_gcc\libtx.a(tx_thread_sleep.o)
                0x00006260                _tx_thread_sleep
 .text._tx_thread_system_preempt_check
                0x000062c4       0x3c C:\Users\User\Desktop\ProyectoDiplomado\Integrator-Project\Code\Integrator_Project\synergy\ssp\src\framework\el\tx\cm4_gcc\libtx.a(tx_thread_system_preempt_check.o)
                0x000062c4                _tx_thread_system_preempt_check
 .text._tx_thread_system_resume
                0x00006300       0xec C:\Users\User\Desktop\ProyectoDiplomado\Integrator-Project\Code\Integrator_Project\synergy\ssp\src\framework\el\tx\cm4_gcc\libtx.a(tx_thread_system_resume.o)
                0x00006300                _tx_thread_system_resume
 .text._tx_thread_system_suspend
                0x000063ec      0x104 C:\Users\User\Desktop\ProyectoDiplomado\Integrator-Project\Code\Integrator_Project\synergy\ssp\src\framework\el\tx\cm4_gcc\libtx.a(tx_thread_system_suspend.o)
                0x000063ec                _tx_thread_system_suspend
 .text._tx_thread_timeout
                0x000064f0       0x40 C:\Users\User\Desktop\ProyectoDiplomado\Integrator-Project\Code\Integrator_Project\synergy\ssp\src\framework\el\tx\cm4_gcc\libtx.a(tx_thread_timeout.o)
                0x000064f0                _tx_thread_timeout
 .text._tx_timer_initialize
                0x00006530       0x7c C:\Users\User\Desktop\ProyectoDiplomado\Integrator-Project\Code\Integrator_Project\synergy\ssp\src\framework\el\tx\cm4_gcc\libtx.a(tx_timer_initialize.o)
                0x00006530                _tx_timer_initialize
 .text._tx_timer_system_activate
                0x000065ac       0x54 C:\Users\User\Desktop\ProyectoDiplomado\Integrator-Project\Code\Integrator_Project\synergy\ssp\src\framework\el\tx\cm4_gcc\libtx.a(tx_timer_system_activate.o)
                0x000065ac                _tx_timer_system_activate
 .text._tx_timer_system_deactivate
                0x00006600       0x2c C:\Users\User\Desktop\ProyectoDiplomado\Integrator-Project\Code\Integrator_Project\synergy\ssp\src\framework\el\tx\cm4_gcc\libtx.a(tx_timer_system_deactivate.o)
                0x00006600                _tx_timer_system_deactivate
 .text._tx_initialize_low_level
                0x0000662c       0x8c C:\Users\User\Desktop\ProyectoDiplomado\Integrator-Project\Code\Integrator_Project\synergy\ssp\src\framework\el\tx\cm4_gcc\libtx.a(tx_initialize_low_level.o)
                0x0000662c                _tx_initialize_low_level
 .text._tx_thread_schedule
                0x000066b8       0x60 C:\Users\User\Desktop\ProyectoDiplomado\Integrator-Project\Code\Integrator_Project\synergy\ssp\src\framework\el\tx\cm4_gcc\libtx.a(tx_thread_schedule.o)
                0x000066b8                _tx_thread_schedule
 .text._tx_port_wait_thread_ready
                0x00006718       0xac C:\Users\User\Desktop\ProyectoDiplomado\Integrator-Project\Code\Integrator_Project\synergy\ssp\src\framework\el\tx\cm4_gcc\libtx.a(tx_thread_schedule.o)
                0x00006718                _tx_port_wait_thread_ready
 .text.PendSV_Handler
                0x000067c4       0xb4 C:\Users\User\Desktop\ProyectoDiplomado\Integrator-Project\Code\Integrator_Project\synergy\ssp\src\framework\el\tx\cm4_gcc\libtx.a(tx_thread_schedule.o)
                0x000067c4                PendSV_Handler
 .text.SysTick_Handler
                0x00006878        0x4 C:\Users\User\Desktop\ProyectoDiplomado\Integrator-Project\Code\Integrator_Project\synergy\ssp\src\framework\el\tx\cm4_gcc\libtx.a(tx_thread_schedule.o)
                0x00006878                SysTick_Handler
 .text._tx_thread_stack_build
                0x0000687c       0x48 C:\Users\User\Desktop\ProyectoDiplomado\Integrator-Project\Code\Integrator_Project\synergy\ssp\src\framework\el\tx\cm4_gcc\libtx.a(tx_thread_stack_build.o)
                0x0000687c                _tx_thread_stack_build
 .text._tx_timer_interrupt
                0x000068c4       0xd4 C:\Users\User\Desktop\ProyectoDiplomado\Integrator-Project\Code\Integrator_Project\synergy\ssp\src\framework\el\tx\cm4_gcc\libtx.a(tx_timer_interrupt.o)
                0x000068c4                _tx_timer_interrupt
 .text._tx_queue_cleanup
                0x00006998       0x8c C:\Users\User\Desktop\ProyectoDiplomado\Integrator-Project\Code\Integrator_Project\synergy\ssp\src\framework\el\tx\cm4_gcc\libtx.a(tx_queue_cleanup.o)
                0x00006998                _tx_queue_cleanup
 .text._tx_semaphore_cleanup
                0x00006a24       0x80 C:\Users\User\Desktop\ProyectoDiplomado\Integrator-Project\Code\Integrator_Project\synergy\ssp\src\framework\el\tx\cm4_gcc\libtx.a(tx_semaphore_cleanup.o)
                0x00006a24                _tx_semaphore_cleanup
 .text._tx_thread_time_slice
                0x00006aa4       0x74 C:\Users\User\Desktop\ProyectoDiplomado\Integrator-Project\Code\Integrator_Project\synergy\ssp\src\framework\el\tx\cm4_gcc\libtx.a(tx_thread_time_slice.o)
                0x00006aa4                _tx_thread_time_slice
 .text._tx_timer_expiration_process
                0x00006b18      0x10c C:\Users\User\Desktop\ProyectoDiplomado\Integrator-Project\Code\Integrator_Project\synergy\ssp\src\framework\el\tx\cm4_gcc\libtx.a(tx_timer_expiration_process.o)
                0x00006b18                _tx_timer_expiration_process
 .text          0x00006c24      0x370 c:/program files (x86)/gnu tools arm embedded/4.9 2015q3/bin/../lib/gcc/arm-none-eabi/4.9.3/armv7e-m/fpu\libgcc.a(_arm_addsubdf3.o)
                0x00006c24                __aeabi_drsub
                0x00006c2c                __aeabi_dsub
                0x00006c2c                __subdf3
                0x00006c30                __aeabi_dadd
                0x00006c30                __adddf3
                0x00006ea8                __floatunsidf
                0x00006ea8                __aeabi_ui2d
                0x00006ec8                __floatsidf
                0x00006ec8                __aeabi_i2d
                0x00006eec                __aeabi_f2d
                0x00006eec                __extendsfdf2
                0x00006f28                __floatundidf
                0x00006f28                __aeabi_ul2d
                0x00006f38                __floatdidf
                0x00006f38                __aeabi_l2d
 .text          0x00006f94      0x424 c:/program files (x86)/gnu tools arm embedded/4.9 2015q3/bin/../lib/gcc/arm-none-eabi/4.9.3/armv7e-m/fpu\libgcc.a(_arm_muldivdf3.o)
                0x00006f94                __aeabi_dmul
                0x00006f94                __muldf3
                0x000071e8                __divdf3
                0x000071e8                __aeabi_ddiv
 .text          0x000073b8       0x40 c:/program files (x86)/gnu tools arm embedded/4.9 2015q3/bin/../lib/gcc/arm-none-eabi/4.9.3/armv7e-m/fpu\libgcc.a(_arm_fixunsdfsi.o)
                0x000073b8                __aeabi_d2uiz
                0x000073b8                __fixunsdfsi
 .text          0x000073f8      0x21c c:/program files (x86)/gnu tools arm embedded/4.9 2015q3/bin/../lib/gcc/arm-none-eabi/4.9.3/armv7e-m/fpu\libgcc.a(_arm_addsubsf3.o)
                0x000073f8                __aeabi_frsub
                0x00007400                __subsf3
                0x00007400                __aeabi_fsub
                0x00007404                __aeabi_fadd
                0x00007404                __addsf3
                0x00007564                __aeabi_ui2f
                0x00007564                __floatunsisf
                0x0000756c                __aeabi_i2f
                0x0000756c                __floatsisf
                0x00007588                __aeabi_ul2f
                0x00007588                __floatundisf
                0x00007598                __aeabi_l2f
                0x00007598                __floatdisf
 .text          0x00007614       0x30 c:/program files (x86)/gnu tools arm embedded/4.9 2015q3/bin/../lib/gcc/arm-none-eabi/4.9.3/armv7e-m/fpu\libgcc.a(_aeabi_uldivmod.o)
                0x00007614                __aeabi_uldivmod
 .text          0x00007644       0x60 c:/program files (x86)/gnu tools arm embedded/4.9 2015q3/bin/../lib/gcc/arm-none-eabi/4.9.3/armv7e-m/fpu\libgcc.a(bpabi.o)
                0x00007644                __gnu_ldivmod_helper
                0x00007674                __gnu_uldivmod_helper
 .text          0x000076a4        0x4 c:/program files (x86)/gnu tools arm embedded/4.9 2015q3/bin/../lib/gcc/arm-none-eabi/4.9.3/armv7e-m/fpu\libgcc.a(_dvmd_tls.o)
                0x000076a4                __aeabi_idiv0
                0x000076a4                __aeabi_ldiv0
 .text          0x000076a8      0x29c c:/program files (x86)/gnu tools arm embedded/4.9 2015q3/bin/../lib/gcc/arm-none-eabi/4.9.3/armv7e-m/fpu\libgcc.a(_divdi3.o)
                0x000076a8                __divdi3
 .text          0x00007944      0x26c c:/program files (x86)/gnu tools arm embedded/4.9 2015q3/bin/../lib/gcc/arm-none-eabi/4.9.3/armv7e-m/fpu\libgcc.a(_udivdi3.o)
                0x00007944                __udivdi3
 .text.memset   0x00007bb0       0x10 c:/program files (x86)/gnu tools arm embedded/4.9 2015q3/bin/../lib/gcc/arm-none-eabi/4.9.3/../../../../arm-none-eabi/lib/armv7e-m/fpu\libg_nano.a(lib_a-memset.o)
                0x00007bb0                memset
 *(.version)
 .version       0x00007bc0       0x60 ./synergy/ssp/src/bsp/mcu/all/bsp_common.o
 *(.init)
 .init          0x00007c20        0x4 c:/program files (x86)/gnu tools arm embedded/4.9 2015q3/bin/../lib/gcc/arm-none-eabi/4.9.3/armv7e-m/fpu/crti.o
                0x00007c20                _init
 .init          0x00007c24        0x8 c:/program files (x86)/gnu tools arm embedded/4.9 2015q3/bin/../lib/gcc/arm-none-eabi/4.9.3/armv7e-m/fpu/crtn.o
 *(.fini)
 .fini          0x00007c2c        0x4 c:/program files (x86)/gnu tools arm embedded/4.9 2015q3/bin/../lib/gcc/arm-none-eabi/4.9.3/armv7e-m/fpu/crti.o
                0x00007c2c                _fini
 .fini          0x00007c30        0x8 c:/program files (x86)/gnu tools arm embedded/4.9 2015q3/bin/../lib/gcc/arm-none-eabi/4.9.3/armv7e-m/fpu/crtn.o
 *crtbegin.o(.ctors)
 *crtbegin?.o(.ctors)
 *(EXCLUDE_FILE(*crtend.o *crtend?.o) .ctors)
 *(SORT(.ctors.*))
 *(.ctors)
 *crtbegin.o(.dtors)
 *crtbegin?.o(.dtors)
 *(EXCLUDE_FILE(*crtend.o *crtend?.o) .dtors)
 *(SORT(.dtors.*))
 *(.dtors)
 *(.rodata*)
 .rodata.g_ioport_on_ioport
                0x00007c38       0x3c ./synergy/ssp/src/driver/r_ioport/r_ioport.o
                0x00007c38                g_ioport_on_ioport
 .rodata.g_vbatt_pins_input
                0x00007c74        0x6 ./synergy/ssp/src/driver/r_ioport/r_ioport.o
 *fill*         0x00007c7a        0x2 ff
 .rodata.g_gpt_input_capture_version
                0x00007c7c        0x4 ./synergy/ssp/src/driver/r_gpt_input_capture/r_gpt_input_capture.o
 .rodata.g_input_capture_on_gpt
                0x00007c80       0x1c ./synergy/ssp/src/driver/r_gpt_input_capture/r_gpt_input_capture.o
                0x00007c80                g_input_capture_on_gpt
 .rodata.g_timer_on_gpt
                0x00007c9c       0x28 ./synergy/ssp/src/driver/r_gpt/r_gpt.o
                0x00007c9c                g_timer_on_gpt
 .rodata.g_gpt_version
                0x00007cc4        0x4 ./synergy/ssp/src/driver/r_gpt/r_gpt.o
 .rodata.bit_count_mask
                0x00007cc8        0x8 ./synergy/ssp/src/driver/r_fmi/r_fmi.o
 .rodata.bit_count
                0x00007cd0       0x80 ./synergy/ssp/src/driver/r_fmi/r_fmi.o
 .rodata.g_fmi_on_fmi
                0x00007d50       0x18 ./synergy/ssp/src/driver/r_fmi/r_fmi.o
                0x00007d50                g_fmi_on_fmi
 .rodata.g_fmi_version
                0x00007d68        0x4 ./synergy/ssp/src/driver/r_fmi/r_fmi.o
 .rodata.g_elc_on_elc
                0x00007d6c       0x1c ./synergy/ssp/src/driver/r_elc/r_elc.o
                0x00007d6c                g_elc_on_elc
 .rodata.s_elc_version
                0x00007d88        0x4 ./synergy/ssp/src/driver/r_elc/r_elc.o
 .rodata.g_pllccr2_div_value
                0x00007d8c        0x6 ./synergy/ssp/src/driver/r_cgc/hw/hw_cgc.o
 *fill*         0x00007d92        0x2 ff
 .rodata.g_pllccr_div_value
                0x00007d94        0x6 ./synergy/ssp/src/driver/r_cgc/hw/hw_cgc.o
 *fill*         0x00007d9a        0x2 ff
 .rodata.g_pllccr_div_setting
                0x00007d9c        0x6 ./synergy/ssp/src/driver/r_cgc/hw/hw_cgc.o
 *fill*         0x00007da2        0x2 ff
 .rodata.g_pllccr2_div_setting
                0x00007da4        0x8 ./synergy/ssp/src/driver/r_cgc/hw/hw_cgc.o
 .rodata.g_cgc_on_cgc
                0x00007dac       0x6c ./synergy/ssp/src/driver/r_cgc/r_cgc.o
                0x00007dac                g_cgc_on_cgc
 .rodata.g_lcd_clock_settings
                0x00007e18        0x6 ./synergy/ssp/src/driver/r_cgc/r_cgc.o
 *fill*         0x00007e1e        0x2 ff
 .rodata.g_cgc_version
                0x00007e20        0x4 ./synergy/ssp/src/driver/r_cgc/r_cgc.o
 .rodata.g_adc_on_adc
                0x00007e24       0x34 ./synergy/ssp/src/driver/r_adc/r_adc.o
                0x00007e24                g_adc_on_adc
 .rodata.s_adc_version
                0x00007e58        0x4 ./synergy/ssp/src/driver/r_adc/r_adc.o
 .rodata.g_cgc_feature
                0x00007e5c       0x2c ./synergy/ssp/src/bsp/mcu/s7g2/bsp_feature.o
 .rodata.g_fmi_data
                0x00007e88      0x400 ./synergy/ssp/src/bsp/mcu/s7g2/bsp_fmi_R7FS7G27H3A01CFC.o
                0x00007e88                g_fmi_data
 .rodata.gp_mstp
                0x00008288       0x10 ./synergy/ssp/src/bsp/mcu/s7g2/bsp_module_stop.o
 .rodata.g_bsp_module_stop
                0x00008298       0x46 ./synergy/ssp/src/bsp/mcu/s7g2/bsp_module_stop.o
 *fill*         0x000082de        0x2 ff
 .rodata.gp_vector_information
                0x000082e0        0x4 ./synergy/ssp/src/bsp/mcu/all/bsp_irq.o
                0x000082e0                gp_vector_information
 .rodata.g_prcr_masks
                0x000082e4        0x6 ./synergy/ssp/src/bsp/mcu/all/bsp_register_protection.o
 *fill*         0x000082ea        0x2 ff
 .rodata.g_elc_cfg
                0x000082ec        0xc ./synergy/ssp/src/bsp/cmsis/Device/RENESAS/S7G2/Source/system_S7G2.o
 .rodata.g_adc0
                0x000082f8       0x10 ./src/synergy_gen/analogToDigitalConverterThread.o
                0x000082f8                g_adc0
 .rodata.g_adc0_cfg
                0x00008308       0x1c ./src/synergy_gen/analogToDigitalConverterThread.o
                0x00008308                g_adc0_cfg
 .rodata.g_adc0_channel_cfg
                0x00008324       0x14 ./src/synergy_gen/analogToDigitalConverterThread.o
                0x00008324                g_adc0_channel_cfg
 .rodata.str1.4
                0x00008338       0x1f ./src/synergy_gen/analogToDigitalConverterThread.o
 *fill*         0x00008357        0x1 ff
 .rodata.g_input_capture_extend
                0x00008358        0x5 ./src/synergy_gen/inputCaptureThread.o
 *fill*         0x0000835d        0x3 ff
 .rodata.str1.4
                0x00008360       0x13 ./src/synergy_gen/inputCaptureThread.o
 *fill*         0x00008373        0x1 ff
 .rodata.g_input_capture_cfg
                0x00008374       0x14 ./src/synergy_gen/inputCaptureThread.o
 .rodata.g_input_capture
                0x00008388        0xc ./src/synergy_gen/inputCaptureThread.o
                0x00008388                g_input_capture
 .rodata.str1.4
                0x00008394       0x14 ./src/synergy_gen/main.o
 .rodata.g_timer1_extend
                0x000083a8        0x4 ./src/synergy_gen/mainControlThread.o
 .rodata.str1.4
                0x000083ac       0x48 ./src/synergy_gen/mainControlThread.o
                                 0x46 (size before relaxing)
 .rodata.g_timer1_cfg
                0x000083f4       0x20 ./src/synergy_gen/mainControlThread.o
 .rodata.g_timer1
                0x00008414        0xc ./src/synergy_gen/mainControlThread.o
                0x00008414                g_timer1
 .rodata.g_bsp_pin_cfg
                0x00008420        0x8 ./src/synergy_gen/pin_data.o
                0x00008420                g_bsp_pin_cfg
 .rodata.g_bsp_pin_cfg_data
                0x00008428      0x380 ./src/synergy_gen/pin_data.o
                0x00008428                g_bsp_pin_cfg_data
 .rodata.g_vfp_offset
                0x000087a8        0x4 C:\Users\User\Desktop\ProyectoDiplomado\Integrator-Project\Code\Integrator_Project\synergy\ssp\src\framework\el\tx\cm4_gcc\libtx.a(tx_thread_schedule.o)
                0x000087a8                g_vfp_offset
                0x000087ac                __usb_dev_descriptor_start_fs = .
 *(.usb_device_desc_fs*)
                0x000087ac                __usb_cfg_descriptor_start_fs = .
 *(.usb_config_desc_fs*)
                0x000087ac                __usb_interface_descriptor_start_fs = .
 *(.usb_interface_desc_fs*)
                0x000087ac                __usb_descriptor_end_fs = .
                0x000087ac                __usb_dev_descriptor_start_hs = .
 *(.usb_device_desc_hs*)
                0x000087ac                __usb_cfg_descriptor_start_hs = .
 *(.usb_config_desc_hs*)
                0x000087ac                __usb_interface_descriptor_start_hs = .
 *(.usb_interface_desc_hs*)
                0x000087ac                __usb_descriptor_end_hs = .
 *(.eh_frame*)
 .eh_frame      0x000087ac        0x0 c:/program files (x86)/gnu tools arm embedded/4.9 2015q3/bin/../lib/gcc/arm-none-eabi/4.9.3/armv7e-m/fpu/crtbegin.o
 .eh_frame      0x000087ac        0x4 c:/program files (x86)/gnu tools arm embedded/4.9 2015q3/bin/../lib/gcc/arm-none-eabi/4.9.3/armv7e-m/fpu/crtend.o
                0x000087b0                __ROM_End = .
                0x00000048                __Vectors_Size = (__Vectors_End - __Vectors)
                0x00000010                __Vector_Info_Size = (__Vector_Info_End - __Vector_Info_Start)
                0x000001b0                __Lock_Lookup_Size = (__Lock_Lookup_End - __Lock_Lookup_Start)

.glue_7         0x000087b0        0x0
 .glue_7        0x00000000        0x0 linker stubs

.glue_7t        0x000087b0        0x0
 .glue_7t       0x00000000        0x0 linker stubs

.vfp11_veneer   0x000087b0        0x0
 .vfp11_veneer  0x00000000        0x0 linker stubs

.v4_bx          0x000087b0        0x0
 .v4_bx         0x00000000        0x0 linker stubs

.iplt           0x000087b0        0x0
 .iplt          0x00000000        0x0 c:/program files (x86)/gnu tools arm embedded/4.9 2015q3/bin/../lib/gcc/arm-none-eabi/4.9.3/armv7e-m/fpu/crtbegin.o

.ARM.extab
 *(.ARM.extab* .gnu.linkonce.armextab.*)
                0x000087b0                __exidx_start = .

.ARM.exidx      0x000087b0        0x8
 *(.ARM.exidx* .gnu.linkonce.armexidx.*)
 .ARM.exidx     0x000087b0        0x8 c:/program files (x86)/gnu tools arm embedded/4.9 2015q3/bin/../lib/gcc/arm-none-eabi/4.9.3/armv7e-m/fpu\libgcc.a(_divdi3.o)
 .ARM.exidx     0x000087b8        0x0 c:/program files (x86)/gnu tools arm embedded/4.9 2015q3/bin/../lib/gcc/arm-none-eabi/4.9.3/armv7e-m/fpu\libgcc.a(_udivdi3.o)
                                  0x8 (size before relaxing)
                0x000087b8                __exidx_end = .
                0x000087b8                __etext = .

.ssp_dtc_vector_table
                0x1ffe0000        0x0
                0x1ffe0000                . = ORIGIN (RAM)
 *(.ssp_dtc_vector_table)

.data           0x1ffe0000       0x7c load address 0x000087b8
                0x1ffe0000                __data_start__ = .
 *(vtable)
 *(.data.*)
 .data._tx_thread_system_state
                0x1ffe0000        0x4 C:\Users\User\Desktop\ProyectoDiplomado\Integrator-Project\Code\Integrator_Project\synergy\ssp\src\framework\el\tx\cm4_gcc\libtx.a(tx_thread_initialize.o)
                0x1ffe0000                _tx_thread_system_state
                0x1ffe0004                . = ALIGN (0x4)
                0x1ffe0004                PROVIDE (__preinit_array_start, .)
 *(.preinit_array)
                0x1ffe0004                PROVIDE (__preinit_array_end, .)
                0x1ffe0004                . = ALIGN (0x4)
                0x1ffe0004                PROVIDE (__init_array_start, .)
 *(SORT(.init_array.*))
 *(.init_array)
 .init_array    0x1ffe0004        0x4 c:/program files (x86)/gnu tools arm embedded/4.9 2015q3/bin/../lib/gcc/arm-none-eabi/4.9.3/armv7e-m/fpu/crtbegin.o
                0x1ffe0008                PROVIDE (__init_array_end, .)
                0x1ffe0008                . = ALIGN (0x4)
                0x1ffe0008                PROVIDE (__fini_array_start, .)
 *(SORT(.fini_array.*))
 *(.fini_array)
 .fini_array    0x1ffe0008        0x4 c:/program files (x86)/gnu tools arm embedded/4.9 2015q3/bin/../lib/gcc/arm-none-eabi/4.9.3/armv7e-m/fpu/crtbegin.o
                0x1ffe000c                PROVIDE (__fini_array_end, .)
 *(.jcr*)
 .jcr           0x1ffe000c        0x0 c:/program files (x86)/gnu tools arm embedded/4.9 2015q3/bin/../lib/gcc/arm-none-eabi/4.9.3/armv7e-m/fpu/crtbegin.o
 .jcr           0x1ffe000c        0x4 c:/program files (x86)/gnu tools arm embedded/4.9 2015q3/bin/../lib/gcc/arm-none-eabi/4.9.3/armv7e-m/fpu/crtend.o
                0x1ffe0010                . = ALIGN (0x4)
                0x1ffe0010                __Code_In_RAM_Start = .
 *(.code_in_ram*)
                0x1ffe0010                __Code_In_RAM_End = .
                0x1ffe0010                __Lock_Start = .
 *(SORT(.hw_lock*))
 .hw_lock.ADC_0U_0U
                0x1ffe0010        0x1 ./synergy/ssp/src/bsp/mcu/s7g2/bsp_hw_locks.o
                0x1ffe0010                g_hw_lock_ADC_0U_0U
 .hw_lock.ADC_0U_1U
                0x1ffe0011        0x1 ./synergy/ssp/src/bsp/mcu/s7g2/bsp_hw_locks.o
                0x1ffe0011                g_hw_lock_ADC_0U_1U
 .hw_lock.AGT_0U_0U
                0x1ffe0012        0x1 ./synergy/ssp/src/bsp/mcu/s7g2/bsp_hw_locks.o
                0x1ffe0012                g_hw_lock_AGT_0U_0U
 .hw_lock.AGT_0U_1U
                0x1ffe0013        0x1 ./synergy/ssp/src/bsp/mcu/s7g2/bsp_hw_locks.o
                0x1ffe0013                g_hw_lock_AGT_0U_1U
 .hw_lock.BSC_0U_1U
                0x1ffe0014        0x1 ./synergy/ssp/src/bsp/mcu/s7g2/bsp_hw_locks.o
                0x1ffe0014                g_hw_lock_BSC_0U_1U
 .hw_lock.CAC_0U_0U
                0x1ffe0015        0x1 ./synergy/ssp/src/bsp/mcu/s7g2/bsp_hw_locks.o
                0x1ffe0015                g_hw_lock_CAC_0U_0U
 .hw_lock.CAN_0U_0U
                0x1ffe0016        0x1 ./synergy/ssp/src/bsp/mcu/s7g2/bsp_hw_locks.o
                0x1ffe0016                g_hw_lock_CAN_0U_0U
 .hw_lock.CAN_0U_1U
                0x1ffe0017        0x1 ./synergy/ssp/src/bsp/mcu/s7g2/bsp_hw_locks.o
                0x1ffe0017                g_hw_lock_CAN_0U_1U
 .hw_lock.COMP_HS_0U_0U
                0x1ffe0018        0x1 ./synergy/ssp/src/bsp/mcu/s7g2/bsp_hw_locks.o
                0x1ffe0018                g_hw_lock_COMP_HS_0U_0U
 .hw_lock.COMP_HS_0U_1U
                0x1ffe0019        0x1 ./synergy/ssp/src/bsp/mcu/s7g2/bsp_hw_locks.o
                0x1ffe0019                g_hw_lock_COMP_HS_0U_1U
 .hw_lock.COMP_HS_0U_2U
                0x1ffe001a        0x1 ./synergy/ssp/src/bsp/mcu/s7g2/bsp_hw_locks.o
                0x1ffe001a                g_hw_lock_COMP_HS_0U_2U
 .hw_lock.COMP_HS_0U_3U
                0x1ffe001b        0x1 ./synergy/ssp/src/bsp/mcu/s7g2/bsp_hw_locks.o
                0x1ffe001b                g_hw_lock_COMP_HS_0U_3U
 .hw_lock.COMP_HS_0U_4U
                0x1ffe001c        0x1 ./synergy/ssp/src/bsp/mcu/s7g2/bsp_hw_locks.o
                0x1ffe001c                g_hw_lock_COMP_HS_0U_4U
 .hw_lock.COMP_HS_0U_5U
                0x1ffe001d        0x1 ./synergy/ssp/src/bsp/mcu/s7g2/bsp_hw_locks.o
                0x1ffe001d                g_hw_lock_COMP_HS_0U_5U
 .hw_lock.CRC_0U_0U
                0x1ffe001e        0x1 ./synergy/ssp/src/bsp/mcu/s7g2/bsp_hw_locks.o
                0x1ffe001e                g_hw_lock_CRC_0U_0U
 .hw_lock.CTSU_0U_0U
                0x1ffe001f        0x1 ./synergy/ssp/src/bsp/mcu/s7g2/bsp_hw_locks.o
                0x1ffe001f                g_hw_lock_CTSU_0U_0U
 .hw_lock.DAAD_0U_0U
                0x1ffe0020        0x1 ./synergy/ssp/src/bsp/mcu/s7g2/bsp_hw_locks.o
                0x1ffe0020                g_hw_lock_DAAD_0U_0U
 .hw_lock.DAC_0U_0U
                0x1ffe0021        0x1 ./synergy/ssp/src/bsp/mcu/s7g2/bsp_hw_locks.o
                0x1ffe0021                g_hw_lock_DAC_0U_0U
 .hw_lock.DAC_0U_1U
                0x1ffe0022        0x1 ./synergy/ssp/src/bsp/mcu/s7g2/bsp_hw_locks.o
                0x1ffe0022                g_hw_lock_DAC_0U_1U
 .hw_lock.DMAC_0U_0U
                0x1ffe0023        0x1 ./synergy/ssp/src/bsp/mcu/s7g2/bsp_hw_locks.o
                0x1ffe0023                g_hw_lock_DMAC_0U_0U
 .hw_lock.DMAC_0U_1U
                0x1ffe0024        0x1 ./synergy/ssp/src/bsp/mcu/s7g2/bsp_hw_locks.o
                0x1ffe0024                g_hw_lock_DMAC_0U_1U
 .hw_lock.DMAC_0U_2U
                0x1ffe0025        0x1 ./synergy/ssp/src/bsp/mcu/s7g2/bsp_hw_locks.o
                0x1ffe0025                g_hw_lock_DMAC_0U_2U
 .hw_lock.DMAC_0U_3U
                0x1ffe0026        0x1 ./synergy/ssp/src/bsp/mcu/s7g2/bsp_hw_locks.o
                0x1ffe0026                g_hw_lock_DMAC_0U_3U
 .hw_lock.DMAC_0U_4U
                0x1ffe0027        0x1 ./synergy/ssp/src/bsp/mcu/s7g2/bsp_hw_locks.o
                0x1ffe0027                g_hw_lock_DMAC_0U_4U
 .hw_lock.DMAC_0U_5U
                0x1ffe0028        0x1 ./synergy/ssp/src/bsp/mcu/s7g2/bsp_hw_locks.o
                0x1ffe0028                g_hw_lock_DMAC_0U_5U
 .hw_lock.DMAC_0U_6U
                0x1ffe0029        0x1 ./synergy/ssp/src/bsp/mcu/s7g2/bsp_hw_locks.o
                0x1ffe0029                g_hw_lock_DMAC_0U_6U
 .hw_lock.DMAC_0U_7U
                0x1ffe002a        0x1 ./synergy/ssp/src/bsp/mcu/s7g2/bsp_hw_locks.o
                0x1ffe002a                g_hw_lock_DMAC_0U_7U
 .hw_lock.DOC_0U_0U
                0x1ffe002b        0x1 ./synergy/ssp/src/bsp/mcu/s7g2/bsp_hw_locks.o
                0x1ffe002b                g_hw_lock_DOC_0U_0U
 .hw_lock.DRW_0U_0U
                0x1ffe002c        0x1 ./synergy/ssp/src/bsp/mcu/s7g2/bsp_hw_locks.o
                0x1ffe002c                g_hw_lock_DRW_0U_0U
 .hw_lock.DTC_0U_0U
                0x1ffe002d        0x1 ./synergy/ssp/src/bsp/mcu/s7g2/bsp_hw_locks.o
                0x1ffe002d                g_hw_lock_DTC_0U_0U
 .hw_lock.ELC_0U_0U
                0x1ffe002e        0x1 ./synergy/ssp/src/bsp/mcu/s7g2/bsp_hw_locks.o
                0x1ffe002e                g_hw_lock_ELC_0U_0U
 .hw_lock.EPTPC_0U_0U
                0x1ffe002f        0x1 ./synergy/ssp/src/bsp/mcu/s7g2/bsp_hw_locks.o
                0x1ffe002f                g_hw_lock_EPTPC_0U_0U
 .hw_lock.ETHER_0U_0U
                0x1ffe0030        0x1 ./synergy/ssp/src/bsp/mcu/s7g2/bsp_hw_locks.o
                0x1ffe0030                g_hw_lock_ETHER_0U_0U
 .hw_lock.ETHER_0U_1U
                0x1ffe0031        0x1 ./synergy/ssp/src/bsp/mcu/s7g2/bsp_hw_locks.o
                0x1ffe0031                g_hw_lock_ETHER_0U_1U
 .hw_lock.FCU_0U_0U
                0x1ffe0032        0x1 ./synergy/ssp/src/bsp/mcu/s7g2/bsp_hw_locks.o
                0x1ffe0032                g_hw_lock_FCU_0U_0U
 .hw_lock.GLCDC_0U_0U
                0x1ffe0033        0x1 ./synergy/ssp/src/bsp/mcu/s7g2/bsp_hw_locks.o
                0x1ffe0033                g_hw_lock_GLCDC_0U_0U
 .hw_lock.GPT_0U_0U
                0x1ffe0034        0x1 ./synergy/ssp/src/bsp/mcu/s7g2/bsp_hw_locks.o
                0x1ffe0034                g_hw_lock_GPT_0U_0U
 .hw_lock.GPT_0U_10U
                0x1ffe0035        0x1 ./synergy/ssp/src/bsp/mcu/s7g2/bsp_hw_locks.o
                0x1ffe0035                g_hw_lock_GPT_0U_10U
 .hw_lock.GPT_0U_11U
                0x1ffe0036        0x1 ./synergy/ssp/src/bsp/mcu/s7g2/bsp_hw_locks.o
                0x1ffe0036                g_hw_lock_GPT_0U_11U
 .hw_lock.GPT_0U_12U
                0x1ffe0037        0x1 ./synergy/ssp/src/bsp/mcu/s7g2/bsp_hw_locks.o
                0x1ffe0037                g_hw_lock_GPT_0U_12U
 .hw_lock.GPT_0U_13U
                0x1ffe0038        0x1 ./synergy/ssp/src/bsp/mcu/s7g2/bsp_hw_locks.o
                0x1ffe0038                g_hw_lock_GPT_0U_13U
 .hw_lock.GPT_0U_1U